board	Prove silicon GPIO mapping and guest board behavior	2026-09-30T14:19:14.5102770Z test active_display_button_workload_throughput ... ignored, explicit release-mode active-workload performance qualification
board	Prove silicon GPIO mapping and guest board behavior	2026-09-30T14:19:14.5827041Z test guest_scans_all_rows_and_silicon_p1_column_and_reads_buttons ... ok
board	Prove silicon GPIO mapping and guest board behavior	2026-09-30T14:19:14.5828194Z test result: ok. 1 passed; 0 failed; 1 ignored; 0 measured; 0 filtered out; finished in 0.07s
board	Prove silicon GPIO mapping and guest board behavior	2026-09-30T14:19:14.6502966Z test a_gpiote_drive_leaves_the_buttons_released ... ok
board	Prove silicon GPIO mapping and guest board behavior	2026-09-30T14:19:14.6503906Z test gpiote_owns_its_pad_over_the_ports_registers ... ok
board	Prove silicon GPIO mapping and guest board behavior	2026-09-30T14:19:14.6504314Z test a_timer_compare_over_ppi_toggles_the_pad ... ok
board	Prove silicon GPIO mapping and guest board behavior	2026-09-30T14:19:15.3437252Z test the_matrix_shows_the_pixel_gpiote_and_the_row_light ... ok
board	Prove silicon GPIO mapping and guest board behavior	2026-09-30T14:19:15.3438536Z test result: ok. 4 passed; 0 failed; 0 ignored; 0 measured; 0 filtered out; finished in 0.76s
board	Prove silicon GPIO mapping and guest board behavior	2026-09-30T14:19:15.3469722Z test active_motion_display_button_workload_throughput ... ignored, explicit release-mode active-motion performance qualification
board	Prove silicon GPIO mapping and guest board behavior	2026-09-30T14:19:15.4669489Z test guest_reads_changing_motion_through_production_twim_easydma ... ok
board	Prove silicon GPIO mapping and guest board behavior	2026-09-30T14:19:15.4670700Z test result: ok. 1 passed; 0 failed; 1 ignored; 0 measured; 0 filtered out; finished in 0.12s
board	Prove silicon GPIO mapping and guest board behavior	2026-09-30T14:19:15.5324955Z test nrf52833_from_config_builds ... ok
board	Prove silicon GPIO mapping and guest board behavior	2026-09-30T14:19:15.5325629Z test nrf52833_load_firmware_programs_the_uicr_record ... ok
board	Prove silicon GPIO mapping and guest board behavior	2026-09-30T14:19:15.5334168Z test nrf52833_uarte0_endtx_interrupt_is_delivered ... ok
board	Prove silicon GPIO mapping and guest board behavior	2026-09-30T14:19:15.5334849Z test nrf52833_sysresetreq_resets_vtor_and_nvic ... ok
board	Prove silicon GPIO mapping and guest board behavior	2026-09-30T14:19:15.5336001Z test result: ok. 4 passed; 0 failed; 0 ignored; 0 measured; 0 filtered out; finished in 0.06s
board	Prove silicon GPIO mapping and guest board behavior	2026-09-30T14:19:15.5825069Z test silicon_gpio_windows_keep_all_pin_configurations_independent ... ok
board	Prove silicon GPIO mapping and guest board behavior	2026-09-30T14:19:15.5829623Z test compact_p1_keeps_nrf52_peripheral_pad_routing ... ok
board	Prove silicon GPIO mapping and guest board behavior	2026-09-30T14:19:16.6914698Z test silicon_p1_output_drives_the_fourth_matrix_column ... ok
board	Prove silicon GPIO mapping and guest board behavior	2026-09-30T14:19:16.6915496Z test result: ok. 3 passed; 0 failed; 0 ignored; 0 measured; 0 filtered out; finished in 1.16s
board	Prove silicon GPIO mapping and guest board behavior	2026-09-30T14:19:16.7170220Z test a_descriptor_with_no_kit_is_named ... ok
board	Prove silicon GPIO mapping and guest board behavior	2026-09-30T14:19:16.7170987Z test device_type_strings_are_unique ... ok
board	Prove silicon GPIO mapping and guest board behavior	2026-09-30T14:19:16.7172178Z test config_keys_are_internally_unique ... ok
board	Prove silicon GPIO mapping and guest board behavior	2026-09-30T14:19:16.7176216Z test lookup_resolves_every_registered_kit ... ok
board	Prove silicon GPIO mapping and guest board behavior	2026-09-30T14:19:16.7176947Z test kit_metadata_carries_no_commercial_overlay_data ... ok
board	Prove silicon GPIO mapping and guest board behavior	2026-09-30T14:19:16.7177611Z test lab_example_dirs_exist_on_disk ... ok
board	Prove silicon GPIO mapping and guest board behavior	2026-09-30T14:19:16.7183828Z test registry_is_non_empty ... ok
board	Prove silicon GPIO mapping and guest board behavior	2026-09-30T14:19:16.7184560Z test the_declarative_gpio_family_is_in_the_manifest ... ok
board	Prove silicon GPIO mapping and guest board behavior	2026-09-30T14:19:16.7185384Z test manifest_json_matches_registry ... ok
board	Prove silicon GPIO mapping and guest board behavior	2026-09-30T14:19:16.7186077Z test metadata_text_fields_are_non_empty ... ok
board	Prove silicon GPIO mapping and guest board behavior	2026-09-30T14:19:16.7307271Z test every_device_descriptor_is_a_kit ... ok
board	Prove silicon GPIO mapping and guest board behavior	2026-09-30T14:19:16.7308097Z test result: ok. 11 passed; 0 failed; 0 ignored; 0 measured; 0 filtered out; finished in 0.04s
board	Prove silicon GPIO mapping and guest board behavior	2026-09-30T14:20:34.5040130Z test guest_scans_once_per_trigger_and_latches_next_buffer_at_start ... ok
board	Prove silicon GPIO mapping and guest board behavior	2026-09-30T14:20:34.5041160Z test result: ok. 1 passed; 0 failed; 0 ignored; 0 measured; 0 filtered out; finished in 0.06s
board	Prove silicon GPIO mapping and guest board behavior	2026-09-30T14:21:39.4920419Z test pwm_easydma_completes_within_8_cycles_at_tick_512 ... ok
board	Prove silicon GPIO mapping and guest board behavior	2026-09-30T14:21:39.4921071Z test saadc_easydma_completes_within_8_cycles_at_tick_512 ... ok
board	Prove silicon GPIO mapping and guest board behavior	2026-09-30T14:21:39.4921539Z test uarte_easydma_completes_within_8_cycles_at_tick_512 ... ok
board	Prove silicon GPIO mapping and guest board behavior	2026-09-30T14:21:39.5217136Z test uarte_tx_walk1_vs_sched512_completion_cycle_identity ... ok
board	Prove silicon GPIO mapping and guest board behavior	2026-09-30T14:21:39.5218240Z test result: ok. 4 passed; 0 failed; 0 ignored; 0 measured; 0 filtered out; finished in 0.08s
board	Prove silicon GPIO mapping and guest board behavior	2026-09-30T14:26:39.4488381Z test peripherals::chip_map::tests::base_of_misses_for_an_undeclared_peripheral ... ok
board	Prove silicon GPIO mapping and guest board behavior	2026-09-30T14:26:39.4489385Z test peripherals::chip_map::tests::base_of_returns_the_declared_address ... ok
board	Prove silicon GPIO mapping and guest board behavior	2026-09-30T14:26:39.4490206Z test peripherals::chip_map::tests::empty_map_misses_everything ... ok
board	Prove silicon GPIO mapping and guest board behavior	2026-09-30T14:26:39.4491066Z test peripherals::chip_map::tests::register_address_rejects_invalid_offset_and_overflow ... ok
board	Prove silicon GPIO mapping and guest board behavior	2026-09-30T14:26:39.4492259Z test peripherals::chip_map::tests::register_address_translates_compact_windows ... ok
board	Prove silicon GPIO mapping and guest board behavior	2026-09-30T14:26:39.4493170Z test result: ok. 5 passed; 0 failed; 0 ignored; 0 measured; 4216 filtered out; finished in 0.00s
board	Prove silicon GPIO mapping and guest board behavior	2026-09-30T14:26:39.6257613Z test peripherals::nrf52::gpiote::tests::config_in_task_mode_drives_outinit ... ok
board	Prove silicon GPIO mapping and guest board behavior	2026-09-30T14:26:39.6258595Z test peripherals::nrf52::gpiote::tests::config0_round_trips_writable_bits ... ok
board	Prove silicon GPIO mapping and guest board behavior	2026-09-30T14:26:39.6259530Z test peripherals::nrf52::gpiote::tests::outinit_seeds_initial_toggle_direction ... ok
board	Prove silicon GPIO mapping and guest board behavior	2026-09-30T14:26:39.6260486Z test peripherals::nrf52::gpiote::tests::task_clr_drives_in_register_low_on_port1 ... ok
board	Prove silicon GPIO mapping and guest board behavior	2026-09-30T14:26:39.6261423Z test peripherals::nrf52::gpiote::tests::task_in_event_mode_is_noop ... ok
board	Prove silicon GPIO mapping and guest board behavior	2026-09-30T14:26:39.6262758Z test peripherals::nrf52::gpiote::tests::task_with_polarity_lo_to_hi_drives_in_high ... ok
board	Prove silicon GPIO mapping and guest board behavior	2026-09-30T14:26:39.6263720Z test peripherals::nrf52::gpiote::tests::task_out_toggle_alternates_in_register ... ok
board	Prove silicon GPIO mapping and guest board behavior	2026-09-30T14:26:39.6264636Z test peripherals::nrf52::gpiote::tests::task_set_drives_in_register_not_out ... ok
board	Prove silicon GPIO mapping and guest board behavior	2026-09-30T14:26:39.6265617Z test result: ok. 8 passed; 0 failed; 0 ignored; 0 measured; 4213 filtered out; finished in 0.00s
board	Prove silicon GPIO mapping and guest board behavior	2026-09-30T14:26:39.7995603Z test peripherals::nrf52::saadc::tests::channel0_config_round_trips ... ok
board	Prove silicon GPIO mapping and guest board behavior	2026-09-30T14:26:39.7996786Z test peripherals::nrf52::saadc::tests::cancellation_preserves_partial_amount_and_stale_event_cannot_drain_restart ... ok
board	Prove silicon GPIO mapping and guest board behavior	2026-09-30T14:26:39.7998068Z test peripherals::nrf52::saadc::tests::clear_input_grounds_inputs_without_inventing_a_legacy_source ... ok
board	Prove silicon GPIO mapping and guest board behavior	2026-09-30T14:26:39.7999720Z test peripherals::nrf52::saadc::tests::all_gains_and_vdd_reference_change_actual_dma_codes ... ok
board	Prove silicon GPIO mapping and guest board behavior	2026-09-30T14:26:39.8000850Z test peripherals::nrf52::saadc::tests::level_irq_uses_correct_event_bits_and_clears_with_event_or_mask ... ok
board	Prove silicon GPIO mapping and guest board behavior	2026-09-30T14:26:39.8002293Z test peripherals::nrf52::saadc::tests::differential_results_are_signed_and_saturate_to_resolution ... ok
board	Prove silicon GPIO mapping and guest board behavior	2026-09-30T14:26:39.8003522Z test peripherals::nrf52::saadc::tests::disconnected_or_invalid_slots_never_fabricate_samples_or_events ... ok
board	Prove silicon GPIO mapping and guest board behavior	2026-09-30T14:26:39.8004590Z test peripherals::nrf52::saadc::tests::held_source_scales_with_resolution ... ok
board	Prove silicon GPIO mapping and guest board behavior	2026-09-30T14:26:39.8005664Z test peripherals::nrf52::saadc::tests::microphone_ain3_is_selected_by_pselp4_independently_of_channel_slot ... ok
board	Prove silicon GPIO mapping and guest board behavior	2026-09-30T14:26:39.8006729Z test peripherals::nrf52::saadc::tests::on_event_completes_easydma_sample ... ok
board	Prove silicon GPIO mapping and guest board behavior	2026-09-30T14:26:39.8007694Z test peripherals::nrf52::saadc::tests::pointer_and_count_edits_apply_only_to_next_start ... ok
board	Prove silicon GPIO mapping and guest board behavior	2026-09-30T14:26:39.8008625Z test peripherals::nrf52::saadc::tests::resolution_masks_to_3_bits ... ok
board	Prove silicon GPIO mapping and guest board behavior	2026-09-30T14:26:39.8009423Z test peripherals::nrf52::saadc::tests::sample_ignored_when_disabled ... ok
board	Prove silicon GPIO mapping and guest board behavior	2026-09-30T14:26:39.8010238Z test peripherals::nrf52::saadc::tests::sample_schedules_delay0_event ... ok
board	Prove silicon GPIO mapping and guest board behavior	2026-09-30T14:26:39.8011151Z test peripherals::nrf52::saadc::tests::sample_writes_easydma_result_and_fires_events ... ok
board	Prove silicon GPIO mapping and guest board behavior	2026-09-30T14:26:39.8012322Z test peripherals::nrf52::saadc::tests::sample_written_to_dma_changes_with_resolution ... ok
board	Prove silicon GPIO mapping and guest board behavior	2026-09-30T14:26:39.8013484Z test peripherals::nrf52::saadc::tests::scan_visits_only_enabled_slots_and_does_not_invent_disconnected_samples ... ok
board	Prove silicon GPIO mapping and guest board behavior	2026-09-30T14:26:39.8014784Z test peripherals::nrf52::saadc::tests::scheduled_completion_delivers_enabled_irq_without_legacy_walk ... ok
board	Prove silicon GPIO mapping and guest board behavior	2026-09-30T14:26:39.8015763Z test peripherals::nrf52::saadc::tests::single_ended_ignores_negative_selector_and_preserves_resolution_scaling ... ok
board	Prove silicon GPIO mapping and guest board behavior	2026-09-30T14:26:39.8016554Z test peripherals::nrf52::saadc::tests::sparse_scans_append_partial_last_scan_without_overwriting_sentinel ... ok
board	Prove silicon GPIO mapping and guest board behavior	2026-09-30T14:26:39.8017198Z test peripherals::nrf52::saadc::tests::start_ignored_when_disabled ... ok
board	Prove silicon GPIO mapping and guest board behavior	2026-09-30T14:26:39.8017834Z test peripherals::nrf52::saadc::tests::stop_or_disable_cancels_pending_conversion ... ok
board	Prove silicon GPIO mapping and guest board behavior	2026-09-30T14:26:39.8018648Z test peripherals::nrf52::saadc::tests::start_required_and_end_disarms_until_next_start ... ok
board	Prove silicon GPIO mapping and guest board behavior	2026-09-30T14:26:39.8019216Z test peripherals::nrf52::saadc::tests::start_sets_started_when_enabled ... ok
board	Prove silicon GPIO mapping and guest board behavior	2026-09-30T14:26:39.8019725Z test peripherals::nrf52::saadc::tests::stop_sets_stopped_when_enabled ... ok
board	Prove silicon GPIO mapping and guest board behavior	2026-09-30T14:26:39.8020291Z test peripherals::nrf52::saadc::tests::zero_maxcnt_never_invents_conversion_events_or_writes ... ok
board	Prove silicon GPIO mapping and guest board behavior	2026-09-30T14:26:39.8020934Z test result: ok. 26 passed; 0 failed; 0 ignored; 0 measured; 4195 filtered out; finished in 0.00s
board	Prove silicon GPIO mapping and guest board behavior	2026-09-30T14:26:39.9741709Z test peripherals::avr_gpio::tests::an_input_level_on_an_output_pad_is_harmless ... ok
board	Prove silicon GPIO mapping and guest board behavior	2026-09-30T14:26:39.9743000Z test peripherals::avr_gpio::tests::direction_is_the_ddr_bit ... ok
board	Prove silicon GPIO mapping and guest board behavior	2026-09-30T14:26:39.9743857Z test peripherals::avr_gpio::tests::led_pin_tracks_port_when_ddr_out ... ok
board	Prove silicon GPIO mapping and guest board behavior	2026-09-30T14:26:39.9744908Z test peripherals::avr_gpio::tests::routing_and_snapshot_expose_avr_direction_and_pull_latch ... ok
board	Prove silicon GPIO mapping and guest board behavior	2026-09-30T14:26:39.9745920Z test peripherals::avr_gpio::tests::output_pin_still_reads_its_own_port_latch ... ok
board	Prove silicon GPIO mapping and guest board behavior	2026-09-30T14:26:39.9746789Z test peripherals::avr_gpio::tests::set_gpio_input_refuses_a_pin_outside_the_port ... ok
board	Prove silicon GPIO mapping and guest board behavior	2026-09-30T14:26:39.9747872Z test peripherals::avr_gpio::tests::externally_driven_level_lands_in_pin_and_reads_back ... ok
board	Prove silicon GPIO mapping and guest board behavior	2026-09-30T14:26:39.9748713Z test peripherals::components::declarative_gpio::tests::a_descriptor_with_no_rules_is_refused ... ok
board	Prove silicon GPIO mapping and guest board behavior	2026-09-30T14:26:39.9763044Z test peripherals::components::declarative_gpio::tests::a_malformed_guard_is_a_load_error_naming_the_rule ... ok
board	Prove silicon GPIO mapping and guest board behavior	2026-09-30T14:26:39.9793136Z test peripherals::components::declarative_gpio::tests::a_rule_naming_an_undeclared_pin_is_a_load_error ... ok
board	Prove silicon GPIO mapping and guest board behavior	2026-09-30T14:26:39.9823134Z test peripherals::components::declarative_gpio::tests::an_mcu_edge_reaches_a_rule_and_the_answer_reaches_a_pad ... ok
board	Prove silicon GPIO mapping and guest board behavior	2026-09-30T14:26:39.9842874Z test peripherals::components::declarative_gpio::tests::a_sub_microsecond_tick_does_not_lose_time ... ok
board	Prove silicon GPIO mapping and guest board behavior	2026-09-30T14:26:39.9852959Z test peripherals::components::declarative_gpio::tests::dht_requires_observed_low_duration_and_falling_aborts ... ok
board	Prove silicon GPIO mapping and guest board behavior	2026-09-30T14:26:39.9857972Z test peripherals::components::declarative_gpio::tests::hcsr04_retrigger_replaces_active_window_with_new_latched_distance ... ok
board	Prove silicon GPIO mapping and guest board behavior	2026-09-30T14:26:39.9859707Z test peripherals::components::declarative_gpio::tests::gpio_timing_policies_have_backward_compatible_serialized_defaults ... ok
board	Prove silicon GPIO mapping and guest board behavior	2026-09-30T14:26:39.9861398Z test peripherals::components::declarative_gpio::tests::invalid_dynamic_emission_reports_fault_and_keeps_old_generation ... ok
board	Prove silicon GPIO mapping and guest board behavior	2026-09-30T14:26:39.9863356Z test peripherals::components::declarative_gpio::tests::pin_config_defaults_reject_undeclared_keys_and_blank_labels ... ok
board	Prove silicon GPIO mapping and guest board behavior	2026-09-30T14:26:39.9865003Z test peripherals::components::declarative_gpio::tests::placement_seed_clamping_is_opt_in_for_existing_gpio_descriptors ... ok
board	Prove silicon GPIO mapping and guest board behavior	2026-09-30T14:26:39.9866613Z test peripherals::components::declarative_gpio::tests::scheduled_reply_is_latched_and_serviced_without_sampling_host ... ok
board	Prove silicon GPIO mapping and guest board behavior	2026-09-30T14:26:39.9868115Z test peripherals::components::declarative_gpio::tests::the_derived_clock_fires_timers_from_cycles ... ok
board	Prove silicon GPIO mapping and guest board behavior	2026-09-30T14:26:39.9895465Z test peripherals::esp32::gpio::tests::out_w1ts_sets_bit_and_fires_observer ... ok
board	Prove silicon GPIO mapping and guest board behavior	2026-09-30T14:26:39.9896694Z test peripherals::esp32::gpio::tests::pin_register_at_0x88_round_trips_int_type_and_ena ... ok
board	Prove silicon GPIO mapping and guest board behavior	2026-09-30T14:26:39.9900074Z test peripherals::esp32::gpio::tests::snapshot_exposes_odr_for_board_io_readback ... ok
board	Prove silicon GPIO mapping and guest board behavior	2026-09-30T14:26:39.9901599Z test peripherals::esp32::gpio::tests::w1tc_via_word_store_clears_only_target_bit ... ok
board	Prove silicon GPIO mapping and guest board behavior	2026-09-30T14:26:39.9903011Z test peripherals::esp32c3::gpio::tests::c3_pin_config_uses_c3_pin0_offset ... ok
board	Prove silicon GPIO mapping and guest board behavior	2026-09-30T14:26:39.9904386Z test peripherals::components::declarative_gpio::tests::microsecond_timers_keep_fractional_cpu_clock_remainders ... ok
board	Prove silicon GPIO mapping and guest board behavior	2026-09-30T14:26:39.9953649Z test peripherals::components::declarative_gpio::tests::hcsr04_fractional_width_matches_oracle_and_retrigger_latches ... ok
board	Prove silicon GPIO mapping and guest board behavior	2026-09-30T14:26:39.9956532Z test peripherals::esp32c3::gpio::tests::gpio_routing_resolves_the_output_matrix ... ok
board	Prove silicon GPIO mapping and guest board behavior	2026-09-30T14:26:40.0002857Z test peripherals::esp32c3::gpio::tests::input_pullup_uses_the_same_effective_level_for_logic_capture ... ok
board	Prove silicon GPIO mapping and guest board behavior	2026-09-30T14:26:40.0093113Z test peripherals::components::declarative_gpio::tests::declarative_dht_matches_oracle_for_every_cycle_and_latches_inputs ... ok
board	Prove silicon GPIO mapping and guest board behavior	2026-09-30T14:26:40.0408635Z test peripherals::esp32c3::gpio::tests::io_mux_byte_and_halfword_writes_drive_pullups_and_emit_capture_edges ... ok
board	Prove silicon GPIO mapping and guest board behavior	2026-09-30T14:26:40.0503311Z test peripherals::esp32c3::gpio::tests::esp32c3_input_pullup_releases_a_floating_pin_but_external_drive_wins ... ok
board	Prove silicon GPIO mapping and guest board behavior	2026-09-30T14:26:40.0507476Z test peripherals::esp32c3::gpio::tests::reset_strap_selects_spi_flash_boot ... ok
board	Prove silicon GPIO mapping and guest board behavior	2026-09-30T14:26:40.0513250Z test peripherals::esp32c3::gpio::tests::side_effect_free_peek_exposes_modeled_output_register ... ok
board	Prove silicon GPIO mapping and guest board behavior	2026-09-30T14:26:40.0532741Z test peripherals::esp32c3::gpio::tests::w1ts_and_w1tc_update_output_register ... ok
board	Prove silicon GPIO mapping and guest board behavior	2026-09-30T14:26:40.0562818Z test peripherals::esp32s3::gpio::tests::bank1_gpio48_edges_reach_observer_with_timing ... ok
board	Prove silicon GPIO mapping and guest board behavior	2026-09-30T14:26:40.0568231Z test peripherals::esp32s3::gpio::tests::bank1_out_enable_w1ts_w1tc_arithmetic ... ok
board	Prove silicon GPIO mapping and guest board behavior	2026-09-30T14:26:40.0569771Z test peripherals::esp32s3::gpio::tests::config_registers_store_under_write_mask ... ok
board	Prove silicon GPIO mapping and guest board behavior	2026-09-30T14:26:40.0571061Z test peripherals::esp32s3::gpio::tests::cycle_increments_each_tick_and_observer_sees_it ... ok
board	Prove silicon GPIO mapping and guest board behavior	2026-09-30T14:26:40.0572923Z test peripherals::esp32s3::gpio::tests::direct_out_write_fires_observer_for_each_changed_bit ... ok
board	Prove silicon GPIO mapping and guest board behavior	2026-09-30T14:26:40.0574308Z test peripherals::esp32s3::gpio::tests::drive_pad_output_edges_reach_observer_with_timing ... ok
board	Prove silicon GPIO mapping and guest board behavior	2026-09-30T14:26:40.0575974Z test peripherals::esp32s3::gpio::tests::drive_pad_output_rejects_pins_above_48 ... ok
board	Prove silicon GPIO mapping and guest board behavior	2026-09-30T14:26:40.0577735Z test peripherals::esp32s3::gpio::tests::drive_pad_output_same_level_does_not_fire ... ok
board	Prove silicon GPIO mapping and guest board behavior	2026-09-30T14:26:40.0578977Z test peripherals::esp32s3::gpio::tests::enable_w1tc_clears_enable_bit ... ok
board	Prove silicon GPIO mapping and guest board behavior	2026-09-30T14:26:40.0580208Z test peripherals::esp32s3::gpio::tests::enable_w1ts_sets_enable_bit ... ok
board	Prove silicon GPIO mapping and guest board behavior	2026-09-30T14:26:40.0581638Z test peripherals::esp32s3::gpio::tests::esp32s3_enabled_output_driver_beats_the_pad_pullup ... ok
board	Prove silicon GPIO mapping and guest board behavior	2026-09-30T14:26:40.0583537Z test peripherals::esp32s3::gpio::tests::esp32s3_gpio_without_io_mux_wiring_reads_undriven_pads_low ... ok
board	Prove silicon GPIO mapping and guest board behavior	2026-09-30T14:26:40.0623479Z test peripherals::esp32s3::gpio::tests::esp32s3_input_pullup_is_visible_in_the_gpio_in_register ... ok
board	Prove silicon GPIO mapping and guest board behavior	2026-09-30T14:26:40.0669317Z test peripherals::esp32s3::gpio::tests::esp32s3_input_pullup_reaches_bank_one_through_in1 ... ok
board	Prove silicon GPIO mapping and guest board behavior	2026-09-30T14:26:40.0743444Z test peripherals::esp32s3::gpio::tests::esp32s3_input_pullup_releases_a_floating_pin_but_external_drive_wins ... ok
board	Prove silicon GPIO mapping and guest board behavior	2026-09-30T14:26:40.0792272Z test peripherals::esp32s3::gpio::tests::esp32s3_pullup_write_does_not_override_a_standing_external_drive ... ok
board	Prove silicon GPIO mapping and guest board behavior	2026-09-30T14:26:40.0795714Z test peripherals::esp32s3::gpio::tests::four_state_observer_sees_enable_release_as_high_z_and_a_fight_as_x ... ok
board	Prove silicon GPIO mapping and guest board behavior	2026-09-30T14:26:40.0797099Z test peripherals::esp32s3::gpio::tests::func_out_sel_routes_rmt_signal_to_pad ... ok
board	Prove silicon GPIO mapping and guest board behavior	2026-09-30T14:26:40.0798271Z test peripherals::esp32s3::gpio::tests::gpio_routing_reports_rmt_af_and_plain_gpio ... ok
board	Prove silicon GPIO mapping and guest board behavior	2026-09-30T14:26:40.0804895Z test peripherals::esp32s3::gpio::tests::in_write_stores_into_input_cell_per_svd_access ... ok
board	Prove silicon GPIO mapping and guest board behavior	2026-09-30T14:26:40.0811731Z test peripherals::esp32s3::gpio::tests::multiple_observers_all_get_notified ... ok
board	Prove silicon GPIO mapping and guest board behavior	2026-09-30T14:26:40.0813347Z test peripherals::esp32s3::gpio::tests::out_w1tc_clears_bit_and_fires_observer ... ok
board	Prove silicon GPIO mapping and guest board behavior	2026-09-30T14:26:40.0819325Z test peripherals::esp32s3::gpio::tests::out_w1ts_sets_bit_and_fires_observer ... ok
board	Prove silicon GPIO mapping and guest board behavior	2026-09-30T14:26:40.0822408Z test peripherals::esp32s3::gpio::tests::output_register_edges_reach_observer_with_timing ... ok
board	Prove silicon GPIO mapping and guest board behavior	2026-09-30T14:26:40.0828066Z test peripherals::esp32s3::gpio::tests::pin_reg_round_trips_int_type_and_int_ena ... ok
board	Prove silicon GPIO mapping and guest board behavior	2026-09-30T14:26:40.0829251Z test peripherals::esp32s3::gpio::tests::read_only_registers_ignore_writes ... ok
board	Prove silicon GPIO mapping and guest board behavior	2026-09-30T14:26:40.0830301Z test peripherals::esp32s3::gpio::tests::reset_defaults_seeded ... ok
board	Prove silicon GPIO mapping and guest board behavior	2026-09-30T14:26:40.0831322Z test peripherals::esp32s3::gpio::tests::status_w1ts_w1tc_arithmetic ... ok
board	Prove silicon GPIO mapping and guest board behavior	2026-09-30T14:26:40.0832677Z test peripherals::esp32s3::gpio::tests::unmapped_offsets_read_zero_and_ignore_writes ... ok
board	Prove silicon GPIO mapping and guest board behavior	2026-09-30T14:26:40.0853588Z test peripherals::esp32s3::gpio::tests::writing_same_value_does_not_fire_observer ... ok
board	Prove silicon GPIO mapping and guest board behavior	2026-09-30T14:26:40.0863478Z test peripherals::gpio::tests::test_gpio_bsrr_reset ... ok
board	Prove silicon GPIO mapping and guest board behavior	2026-09-30T14:26:40.0865932Z test peripherals::gpio::tests::test_gpio_bsrr_set ... ok
board	Prove silicon GPIO mapping and guest board behavior	2026-09-30T14:26:40.0868228Z test peripherals::gpio::tests::test_gpio_bsrr_word_write_is_atomic_bs_priority ... ok
board	Prove silicon GPIO mapping and guest board behavior	2026-09-30T14:26:40.0869407Z test peripherals::gpio::tests::test_gpio_odr_write ... ok
board	Prove silicon GPIO mapping and guest board behavior	2026-09-30T14:26:40.0877831Z test peripherals::esp32c3::gpio::tests::io_mux_pullup_write_pushes_logic_capture_edge ... ok
board	Prove silicon GPIO mapping and guest board behavior	2026-09-30T14:26:40.0880170Z test peripherals::gpio::tests::test_gpio_reset_values ... ok
board	Prove silicon GPIO mapping and guest board behavior	2026-09-30T14:26:40.0881130Z test peripherals::gpio::tests::test_gpio_v2_bsrr_and_brr ... ok
board	Prove silicon GPIO mapping and guest board behavior	2026-09-30T14:26:40.0882268Z test peripherals::gpio::tests::test_gpio_v2_moder_and_odr ... ok
board	Prove silicon GPIO mapping and guest board behavior	2026-09-30T14:26:40.0999419Z test peripherals::esp32c3::gpio::tests::machine_snapshot_restores_io_mux_pads_date_and_gpio_wiring ... ok
board	Prove silicon GPIO mapping and guest board behavior	2026-09-30T14:26:40.1170286Z test peripherals::esp32c3::gpio::tests::fresh_machine_runtime_snapshot_restores_io_mux_state_and_gpio_wiring ... ok
board	Prove silicon GPIO mapping and guest board behavior	2026-09-30T14:26:40.1171477Z test result: ok. 75 passed; 0 failed; 0 ignored; 0 measured; 4146 filtered out; finished in 0.14s
board	Prove silicon GPIO mapping and guest board behavior	2026-09-30T14:26:40.2911221Z test peripherals::gpio::nrf_pull_tests::output_ignores_the_pull ... ok
board	Prove silicon GPIO mapping and guest board behavior	2026-09-30T14:26:40.2912483Z test peripherals::gpio::nrf_pull_tests::external_driver_beats_the_pull ... ok
board	Prove silicon GPIO mapping and guest board behavior	2026-09-30T14:26:40.2913237Z test peripherals::gpio::nrf_pull_tests::undriven_input_with_pull_up_reads_high ... ok
board	Prove silicon GPIO mapping and guest board behavior	2026-09-30T14:26:40.2913997Z test result: ok. 3 passed; 0 failed; 0 ignored; 0 measured; 4218 filtered out; finished in 0.00s
board	Prove silicon GPIO mapping and guest board behavior	2026-09-30T14:26:40.4632577Z test peripherals::gpio::nrf_pull_mask_tests::default_and_zero_pin_constructors_have_no_cached_pulls ... ok
board	Prove silicon GPIO mapping and guest board behavior	2026-09-30T14:26:40.4633993Z test peripherals::gpio::nrf_pull_mask_tests::invalid_bank_pins_cannot_change_masks_and_reserved_pull_removes_previous_pull ... ok
board	Prove silicon GPIO mapping and guest board behavior	2026-09-30T14:26:40.4635411Z test peripherals::gpio::nrf_pull_mask_tests::bulk_direction_and_pad_latch_changes_use_existing_cached_resistors ... ok
board	Prove silicon GPIO mapping and guest board behavior	2026-09-30T14:26:40.4636799Z test peripherals::gpio::nrf_pull_mask_tests::port_contract::subword_writes_and_nrf54_translation_keep_pull_masks_coherent ... ok
board	Prove silicon GPIO mapping and guest board behavior	2026-09-30T14:26:40.4638209Z test peripherals::gpio::nrf_pull_mask_tests::port_contract::derived_masks_do_not_change_snapshot_register_schema ... ok
board	Prove silicon GPIO mapping and guest board behavior	2026-09-30T14:26:40.4639565Z test peripherals::gpio::nrf_pull_mask_tests::every_pin_pull_direction_drive_and_latch_combination_matches_old_scan ... ok
board	Prove silicon GPIO mapping and guest board behavior	2026-09-30T14:26:40.4653020Z test peripherals::gpio::nrf_pull_mask_tests::no_pull_fast_path_survives_pull_release_and_full_word_input_changes ... ok
board	Prove silicon GPIO mapping and guest board behavior	2026-09-30T14:26:40.4657363Z test peripherals::gpio::nrf_pull_mask_tests::randomized_mixed_register_writes_match_old_scan ... ok
board	Prove silicon GPIO mapping and guest board behavior	2026-09-30T14:26:40.4658243Z test result: ok. 8 passed; 0 failed; 0 ignored; 0 measured; 4213 filtered out; finished in 0.00s
board	Prove silicon GPIO mapping and guest board behavior	2026-09-30T14:26:40.6381175Z test peripherals::gpio::routing_tests::imxrt_dr_reads_the_pad_for_input_pins ... ok
board	Prove silicon GPIO mapping and guest board behavior	2026-09-30T14:26:40.6382976Z test peripherals::gpio::routing_tests::imxrt_input_latch_via_set_gpio_input ... ok
board	Prove silicon GPIO mapping and guest board behavior	2026-09-30T14:26:40.6384200Z test peripherals::gpio::routing_tests::imxrt_dr_set_clear_toggle ... ok
board	Prove silicon GPIO mapping and guest board behavior	2026-09-30T14:26:40.6385211Z test peripherals::gpio::routing_tests::imxrt_from_str ... ok
board	Prove silicon GPIO mapping and guest board behavior	2026-09-30T14:26:40.6386185Z test peripherals::gpio::routing_tests::kinetis_routing_from_pddr ... ok
board	Prove silicon GPIO mapping and guest board behavior	2026-09-30T14:26:40.6387344Z test peripherals::gpio::routing_tests::nordic_snapshot_matches_mmio_and_all_single_pin_reads ... ok
board	Prove silicon GPIO mapping and guest board behavior	2026-09-30T14:26:40.6388475Z test peripherals::gpio::routing_tests::ra_port_from_str ... ok
board	Prove silicon GPIO mapping and guest board behavior	2026-09-30T14:26:40.6389700Z test peripherals::gpio::routing_tests::nordic_snapshot_fast_guard_matches_independent_window_address_algebra ... ok
board	Prove silicon GPIO mapping and guest board behavior	2026-09-30T14:26:40.6390915Z test peripherals::gpio::routing_tests::nrf52_pin_cnf_dir_syncs_bulk_dir_and_pad ... ok
board	Prove silicon GPIO mapping and guest board behavior	2026-09-30T14:26:40.6391583Z test peripherals::gpio::routing_tests::nrf52_routing_from_dir ... ok
board	Prove silicon GPIO mapping and guest board behavior	2026-09-30T14:26:40.6392636Z test peripherals::gpio::routing_tests::ra_port_input_latch_via_set_gpio_input ... ok
board	Prove silicon GPIO mapping and guest board behavior	2026-09-30T14:26:40.6393441Z test peripherals::gpio::routing_tests::ra_port_pdr_podr ... ok
board	Prove silicon GPIO mapping and guest board behavior	2026-09-30T14:26:40.6394119Z test peripherals::gpio::routing_tests::sam_port_from_str ... ok
board	Prove silicon GPIO mapping and guest board behavior	2026-09-30T14:26:40.6394548Z test peripherals::gpio::routing_tests::stm32f1_routing_modes ... ok
board	Prove silicon GPIO mapping and guest board behavior	2026-09-30T14:26:40.6395036Z test peripherals::gpio::routing_tests::stm32v2_routing_modes_and_af_number ... ok
board	Prove silicon GPIO mapping and guest board behavior	2026-09-30T14:26:40.6395883Z test peripherals::gpio::routing_tests::window_offset_shifts_mmio_and_the_pin_address_helpers_together ... ok
board	Prove silicon GPIO mapping and guest board behavior	2026-09-30T14:26:40.6396537Z test result: ok. 16 passed; 0 failed; 0 ignored; 0 measured; 4205 filtered out; finished in 0.00s
board	Prove silicon GPIO mapping and guest board behavior	2026-09-30T14:26:40.8102890Z test peripherals::components::lsm303agr::tests::bdu_survives_split_transactions_and_releases_per_axis ... ok
board	Prove silicon GPIO mapping and guest board behavior	2026-09-30T14:26:40.8104683Z test peripherals::components::lsm303agr::tests::all_accelerometer_ranges_use_rev11_typical_sensitivity ... ok
board	Prove silicon GPIO mapping and guest board behavior	2026-09-30T14:26:40.8106564Z test peripherals::components::lsm303agr::tests::both_slaves_bdu_hold_high_first_until_low_is_read ... ok
board	Prove silicon GPIO mapping and guest board behavior	2026-09-30T14:26:40.8107475Z test peripherals::components::lsm303agr::tests::conditional_increment_read_and_write ... ok
board	Prove silicon GPIO mapping and guest board behavior	2026-09-30T14:26:40.8108207Z test peripherals::components::lsm303agr::tests::every_odr_uses_fractional_central_time_without_transaction_progress ... ok
board	Prove silicon GPIO mapping and guest board behavior	2026-09-30T14:26:40.8108958Z test peripherals::components::lsm303agr::tests::forbidden_mode_and_disabled_axes_do_not_sample ... ok
board	Prove silicon GPIO mapping and guest board behavior	2026-09-30T14:26:40.8109641Z test peripherals::components::lsm303agr::tests::hr_startup_waits_seven_periods_and_endian_requires_hr ... ok
board	Prove silicon GPIO mapping and guest board behavior	2026-09-30T14:26:40.8110373Z test peripherals::components::lsm303agr::tests::large_time_jumps_are_bounded_and_endian_is_configured ... ok
board	Prove silicon GPIO mapping and guest board behavior	2026-09-30T14:26:40.8111064Z test peripherals::components::lsm303agr::tests::magnetometer_single_shot_offset_and_reset ... ok
board	Prove silicon GPIO mapping and guest board behavior	2026-09-30T14:26:40.8111691Z test peripherals::components::lsm303agr::tests::input_validation_and_component_identity ... ok
board	Prove silicon GPIO mapping and guest board behavior	2026-09-30T14:26:40.8112630Z test peripherals::components::lsm303agr::tests::odr_gate_overrun_and_read_acknowledgement ... ok
board	Prove silicon GPIO mapping and guest board behavior	2026-09-30T14:26:40.8113238Z test peripherals::components::lsm303agr::tests::reset_and_read_only_identity ... ok
board	Prove silicon GPIO mapping and guest board behavior	2026-09-30T14:26:40.8114045Z test peripherals::components::lsm303agr::tests::sensitivity_modes_and_full_scale_clamp ... ok
board	Prove silicon GPIO mapping and guest board behavior	2026-09-30T14:26:40.8114653Z test result: ok. 13 passed; 0 failed; 0 ignored; 0 measured; 4208 filtered out; finished in 0.00s
board	Prove silicon GPIO mapping and guest board behavior	2026-09-30T14:26:40.9835729Z test peripherals::components::i2c_factory::tests::lsm303agr_fixed_addresses_and_stimulus_identity ... ok
board	Prove silicon GPIO mapping and guest board behavior	2026-09-30T14:26:40.9836615Z test result: ok. 1 passed; 0 failed; 0 ignored; 0 measured; 4220 filtered out; finished in 0.00s
board	Prove silicon GPIO mapping and guest board behavior	2026-09-30T14:26:41.1566503Z test cpu::cortex_m::exec::vfp_generic::tests::fixed_point_conversions ... ok
board	Prove silicon GPIO mapping and guest board behavior	2026-09-30T14:26:41.1567428Z test cpu::cortex_m::exec::vfp_generic::tests::expand_imm_matches_gas ... ok
board	Prove silicon GPIO mapping and guest board behavior	2026-09-30T14:26:41.1568866Z test cpu::cortex_m::exec::vfp_generic::tests::executes_the_gas_forms ... ok
board	Prove silicon GPIO mapping and guest board behavior	2026-09-30T14:26:41.1569866Z test cpu::cortex_m::exec::vfp_generic::tests::gas_encodings_reach_the_generic_executor ... ok
board	Prove silicon GPIO mapping and guest board behavior	2026-09-30T14:26:41.1574489Z test cpu::cortex_m::exec::vfp_generic::tests::half_precision_round_trips ... ok
board	Prove silicon GPIO mapping and guest board behavior	2026-09-30T14:26:41.1575408Z test cpu::cortex_m::exec::vfp_generic::tests::subw_from_pc_is_a_negative_adr ... ok
board	Prove silicon GPIO mapping and guest board behavior	2026-09-30T14:26:41.1584271Z test cpu::cortex_m::semihost::tests::bad_pointer_returns_minus_one_and_does_not_halt ... ok
board	Prove silicon GPIO mapping and guest board behavior	2026-09-30T14:26:41.1594453Z test cpu::cortex_m::semihost::tests::application_exit_stops_with_code_zero_and_does_not_return ... ok
board	Prove silicon GPIO mapping and guest board behavior	2026-09-30T14:26:41.1613391Z test cpu::cortex_m::semihost::tests::exit_extended_does_not_exit ... ok
board	Prove silicon GPIO mapping and guest board behavior	2026-09-30T14:26:41.1614475Z test cpu::cortex_m::semihost::tests::input_queue_caps_a_single_write ... ok
board	Prove silicon GPIO mapping and guest board behavior	2026-09-30T14:26:41.1615594Z test cpu::cortex_m::semihost::tests::other_bkpt_immediate_still_halts_and_does_not_attach ... ok
board	Prove silicon GPIO mapping and guest board behavior	2026-09-30T14:26:41.1616811Z test cpu::cortex_m::semihost::tests::read_copies_stdin_without_blocking ... ok
board	Prove silicon GPIO mapping and guest board behavior	2026-09-30T14:26:41.1622944Z test cpu::cortex_m::semihost::tests::unknown_operation_returns_minus_one ... ok
board	Prove silicon GPIO mapping and guest board behavior	2026-09-30T14:26:41.1624254Z test cpu::cortex_m::semihost::tests::runtime_error_and_any_other_immediate_exit_one ... ok
board	Prove silicon GPIO mapping and guest board behavior	2026-09-30T14:26:41.1625947Z test cpu::cortex_m::semihost::tests::write_appends_stdout_and_stderr_and_rejects_other_handles ... ok
board	Prove silicon GPIO mapping and guest board behavior	2026-09-30T14:26:41.1627795Z test cpu::cortex_m::semihost::tests::write0_stops_at_nul_and_caps_the_scan ... ok
board	Prove silicon GPIO mapping and guest board behavior	2026-09-30T14:26:41.1629192Z test cpu::cortex_m::t16_discovery_tests::admitted_load_falls_back_for_mmio_without_side_effects_then_accepts_ram ... ok
board	Prove silicon GPIO mapping and guest board behavior	2026-09-30T14:26:41.1630575Z test cpu::cortex_m::semihost::tests::writec_appends_one_byte_and_leaves_other_registers ... ok
board	Prove silicon GPIO mapping and guest board behavior	2026-09-30T14:26:41.1632679Z test cpu::cortex_m::t16_discovery_tests::cached_block_before_barrier_cannot_execute_unrelated_tail ... ok
board	Prove silicon GPIO mapping and guest board behavior	2026-09-30T14:26:41.1641245Z test cpu::cortex_m::t16_discovery_tests::cbnz_is_rejected_at_current_entry_and_cannot_be_spanned ... ok
board	Prove silicon GPIO mapping and guest board behavior	2026-09-30T14:26:41.1653846Z test cpu::cortex_m::t16_discovery_tests::cold_miss_is_not_a_permanent_negative_cache ... ok
board	Prove silicon GPIO mapping and guest board behavior	2026-09-30T14:26:41.1681235Z test cpu::cortex_m::t16_discovery_tests::backward_search_at_zero_does_not_underflow_or_poison_future_discovery ... ok
board	Prove silicon GPIO mapping and guest board behavior	2026-09-30T14:26:41.1682438Z test cpu::cortex_m::t16_discovery_tests::decoding_disabled_then_enabled_warms_cache_and_invalidates_old_miss ... ok
board	Prove silicon GPIO mapping and guest board behavior	2026-09-30T14:26:41.1683569Z test cpu::cortex_m::t16_discovery_tests::discovery_memo_is_stable_until_real_decoder_warms_the_window ... ok
board	Prove silicon GPIO mapping and guest board behavior	2026-09-30T14:26:41.1684885Z test cpu::cortex_m::t16_discovery_tests::fast_fetch_insertion_and_decode_tag_collision_invalidate_discovery_misses ... ok
board	Prove silicon GPIO mapping and guest board behavior	2026-09-30T14:26:41.1686200Z test cpu::cortex_m::t16_discovery_tests::forward_and_wrong_target_terminal_branches_reject_without_retiring ... ok
board	Prove silicon GPIO mapping and guest board behavior	2026-09-30T14:26:41.1687460Z test cpu::cortex_m::t16_discovery_tests::generation_wrap_clears_old_misses_before_reusing_generation_one ... ok
board	Prove silicon GPIO mapping and guest board behavior	2026-09-30T14:26:41.1688839Z test cpu::cortex_m::t16_discovery_tests::invalid_decode_tag_does_not_admit_aliasing_slot ... ok
board	Prove silicon GPIO mapping and guest board behavior	2026-09-30T14:26:41.1715944Z test cpu::cortex_m::t16_discovery_tests::invalid_tag_inside_candidate_rejects_then_repaired_window_matches_interpreter ... ok
board	Prove silicon GPIO mapping and guest board behavior	2026-09-30T14:26:41.1717887Z test cpu::cortex_m::t16_discovery_tests::invalidate_reset_and_snapshot_restore_drop_positive_and_negative_state ... ok
board	Prove silicon GPIO mapping and guest board behavior	2026-09-30T14:26:41.1719752Z test cpu::cortex_m::t16_discovery_tests::positive_cache_is_considered_before_negative_memo_and_zero_budget_retires_nothing ... ok
board	Prove silicon GPIO mapping and guest board behavior	2026-09-30T14:26:41.1721596Z test cpu::cortex_m::t16_discovery_tests::supported_window_longer_than_capacity_rejects_from_start_and_terminal ... ok
board	Prove silicon GPIO mapping and guest board behavior	2026-09-30T14:26:41.1723506Z test cpu::cortex_m::t16_discovery_tests::memo_slot_aliases_require_exact_pc_and_generation ... ok
board	Prove silicon GPIO mapping and guest board behavior	2026-09-30T14:26:41.1724998Z test cpu::cortex_m::t16_discovery_tests::thumb32_width_is_a_barrier_even_if_instruction_is_supported ... ok
board	Prove silicon GPIO mapping and guest board behavior	2026-09-30T14:26:41.1737588Z test cpu::cortex_m::tests::apply_snapshot_drops_decoded_code ... ok
board	Prove silicon GPIO mapping and guest board behavior	2026-09-30T14:26:41.1739482Z test cpu::cortex_m::tests::armv7m_add_and_mov_high_register_read_pc_plus_4 ... ok
board	Prove silicon GPIO mapping and guest board behavior	2026-09-30T14:26:41.1740640Z test cpu::cortex_m::tests::adr_w_t2_subtracts_from_aligned_pc ... ok
board	Prove silicon GPIO mapping and guest board behavior	2026-09-30T14:26:41.1742550Z test cpu::cortex_m::tests::armv7m_branch_wraps_at_the_signed_pc_boundary ... ok
board	Prove silicon GPIO mapping and guest board behavior	2026-09-30T14:26:41.1743581Z test cpu::cortex_m::tests::armv7m_exception_entry_wraps_the_stack_frame_instead_of_overflowing ... ok
board	Prove silicon GPIO mapping and guest board behavior	2026-09-30T14:26:41.1744755Z test cpu::cortex_m::tests::armv7m_exception_return_wraps_the_stack_frame_instead_of_overflowing ... ok
board	Prove silicon GPIO mapping and guest board behavior	2026-09-30T14:26:41.1745824Z test cpu::cortex_m::tests::armv7m_ldrexb_strexb_supports_atomic_bool_compare_exchange ... ok
board	Prove silicon GPIO mapping and guest board behavior	2026-09-30T14:26:41.1746762Z test cpu::cortex_m::tests::armv7m_ldrexh_strexh_supports_halfword_atomic_increment ... ok
board	Prove silicon GPIO mapping and guest board behavior	2026-09-30T14:26:41.1747367Z test cpu::cortex_m::tests::armv7m_mov_reg_still_moves_and_advances_for_normal_registers ... ok
board	Prove silicon GPIO mapping and guest board behavior	2026-09-30T14:26:41.1747938Z test cpu::cortex_m::tests::armv7m_mov_to_pc_branches_instead_of_advancing ... ok
board	Prove silicon GPIO mapping and guest board behavior	2026-09-30T14:26:41.1748481Z test cpu::cortex_m::tests::armv7m_sixteen_bit_dp_still_sets_flags_outside_an_it_block ... ok
board	Prove silicon GPIO mapping and guest board behavior	2026-09-30T14:26:41.1749059Z test cpu::cortex_m::tests::armv7m_sixteen_bit_dp_does_not_set_flags_inside_an_it_block ... ok
board	Prove silicon GPIO mapping and guest board behavior	2026-09-30T14:26:41.1749859Z test cpu::cortex_m::tests::armv7m_strexb_fails_without_matching_unchanged_reservation ... ok
board	Prove silicon GPIO mapping and guest board behavior	2026-09-30T14:26:41.1750435Z test cpu::cortex_m::tests::armv7m_strexh_fails_without_matching_unchanged_reservation ... ok
board	Prove silicon GPIO mapping and guest board behavior	2026-09-30T14:26:41.1750980Z test cpu::cortex_m::tests::basepri_masks_equal_or_lower_priority_exceptions ... ok
board	Prove silicon GPIO mapping and guest board behavior	2026-09-30T14:26:41.1754633Z test cpu::cortex_m::t16_discovery_tests::rotated_entry_and_branch_entry_match_reference_for_every_budget ... ok
board	Prove silicon GPIO mapping and guest board behavior	2026-09-30T14:26:41.1768616Z test cpu::cortex_m::tests::boxed_cortexm_batch_preserves_idle_fast_forward_escape ... ok
board	Prove silicon GPIO mapping and guest board behavior	2026-09-30T14:26:41.1770426Z test cpu::cortex_m::tests::control_spsel_routes_thread_stack_to_psp ... ok
board	Prove silicon GPIO mapping and guest board behavior	2026-09-30T14:26:41.1772278Z test cpu::cortex_m::tests::cps_faultmask_set_clear_and_mask ... ok
board	Prove silicon GPIO mapping and guest board behavior	2026-09-30T14:26:41.1773871Z test cpu::cortex_m::tests::cortex_m4_qadd16_and_usat_encode_clamped_coolant_byte ... ok
board	Prove silicon GPIO mapping and guest board behavior	2026-09-30T14:26:41.1775588Z test cpu::cortex_m::tests::dsp_recovery_predication_and_long_destination_alias ... ok
board	Prove silicon GPIO mapping and guest board behavior	2026-09-30T14:26:41.1777284Z test cpu::cortex_m::tests::dsp_recovery_long_multiply_halves_and_exchange ... ok
board	Prove silicon GPIO mapping and guest board behavior	2026-09-30T14:26:41.1778912Z test cpu::cortex_m::tests::dsp_recovery_reserved_encodings_remain_unknown ... ok
board	Prove silicon GPIO mapping and guest board behavior	2026-09-30T14:26:41.1780463Z test cpu::cortex_m::tests::dsp_recovery_q_overflow_and_cancellation ... ok
board	Prove silicon GPIO mapping and guest board behavior	2026-09-30T14:26:41.1782308Z test cpu::cortex_m::tests::dsp_recovery_topword_rounding_signed_extremes_and_aliasing ... ok
board	Prove silicon GPIO mapping and guest board behavior	2026-09-30T14:26:41.1784114Z test cpu::cortex_m::tests::dsp_recovery_unknown_multiplies_fault_without_register_or_pc_changes ... ok
board	Prove silicon GPIO mapping and guest board behavior	2026-09-30T14:26:41.1786145Z test cpu::cortex_m::tests::dsp_recovery_word_dual_and_topword_known_results ... ok
board	Prove silicon GPIO mapping and guest board behavior	2026-09-30T14:26:41.1787685Z test cpu::cortex_m::tests::coalesced_t16_self_branch_matches_repeated_interpretation ... ok
board	Prove silicon GPIO mapping and guest board behavior	2026-09-30T14:26:41.1789229Z test cpu::cortex_m::tests::exception_entry_clears_byte_exclusive_reservation ... ok
board	Prove silicon GPIO mapping and guest board behavior	2026-09-30T14:26:41.1790705Z test cpu::cortex_m::tests::exception_entry_from_thread_msp_sets_exc_return_f9 ... ok
board	Prove silicon GPIO mapping and guest board behavior	2026-09-30T14:26:41.1792311Z test cpu::cortex_m::tests::exception_return_to_msp_restores_msp ... ok
board	Prove silicon GPIO mapping and guest board behavior	2026-09-30T14:26:41.1793706Z test cpu::cortex_m::tests::exception_entry_from_thread_psp_sets_exc_return_fd ... ok
board	Prove silicon GPIO mapping and guest board behavior	2026-09-30T14:26:41.1795205Z test cpu::cortex_m::tests::exception_round_trip_from_psp_restores_state ... ok
board	Prove silicon GPIO mapping and guest board behavior	2026-09-30T14:26:41.1796662Z test cpu::cortex_m::tests::it_block_survives_an_exception_between_its_instructions ... ok
board	Prove silicon GPIO mapping and guest board behavior	2026-09-30T14:26:41.1798164Z test cpu::cortex_m::tests::ldr_to_pc_register_offset_branches_to_target ... ok
board	Prove silicon GPIO mapping and guest board behavior	2026-09-30T14:26:41.1799438Z test cpu::cortex_m::tests::mrs_ipsr_reads_active_exception ... ok
board	Prove silicon GPIO mapping and guest board behavior	2026-09-30T14:26:41.1800821Z test cpu::cortex_m::tests::nested_exception_entry_sets_exc_return_f1 ... ok
board	Prove silicon GPIO mapping and guest board behavior	2026-09-30T14:26:41.1802289Z test cpu::cortex_m::tests::nvic_ipr_priority_drives_irq_dispatch_order ... ok
board	Prove silicon GPIO mapping and guest board behavior	2026-09-30T14:26:41.1803717Z test cpu::cortex_m::tests::msr_psp_sets_psp_without_disturbing_msp ... ok
board	Prove silicon GPIO mapping and guest board behavior	2026-09-30T14:26:41.1805307Z test cpu::cortex_m::tests::generic_t16_block_matches_a_finite_byte_copy_loop ... ok
board	Prove silicon GPIO mapping and guest board behavior	2026-09-30T14:26:41.1807018Z test cpu::cortex_m::tests::shpr3_pendsv_does_not_preempt_active_higher_priority_irq ... ok
board	Prove silicon GPIO mapping and guest board behavior	2026-09-30T14:26:41.1808631Z test cpu::cortex_m::tests::reset_drops_decoded_code ... ok
board	Prove silicon GPIO mapping and guest board behavior	2026-09-30T14:26:41.1809838Z test cpu::cortex_m::tests::test_arm_bitfield ... ok
board	Prove silicon GPIO mapping and guest board behavior	2026-09-30T14:26:41.1811050Z test cpu::cortex_m::tests::test_arm_dataproc_complex ... ok
board	Prove silicon GPIO mapping and guest board behavior	2026-09-30T14:26:41.1812536Z test cpu::cortex_m::tests::test_arm_dataproc_imm ... ok
board	Prove silicon GPIO mapping and guest board behavior	2026-09-30T14:26:41.1813802Z test cpu::cortex_m::tests::test_arm_ldrd_negative_offset ... ok
board	Prove silicon GPIO mapping and guest board behavior	2026-09-30T14:26:41.1815310Z test cpu::cortex_m::tests::t16_ram_fast_path_does_not_cache_an_unsupported_thumb32_prefix ... ok
board	Prove silicon GPIO mapping and guest board behavior	2026-09-30T14:26:41.1817011Z test cpu::cortex_m::tests::test_dataproc32_add_sets_carry_and_overflow ... ok
board	Prove silicon GPIO mapping and guest board behavior	2026-09-30T14:26:41.1818325Z test cpu::cortex_m::tests::test_arm_ldrd_strd ... ok
board	Prove silicon GPIO mapping and guest board behavior	2026-09-30T14:26:41.1819945Z test cpu::cortex_m::tests::test_dataproc32_adc_carry_in ... ok
board	Prove silicon GPIO mapping and guest board behavior	2026-09-30T14:26:41.1821442Z test cpu::cortex_m::tests::test_dataproc32_immediate_shift_sets_shifter_carry ... ok
board	Prove silicon GPIO mapping and guest board behavior	2026-09-30T14:26:41.1823327Z test cpu::cortex_m::tests::test_dataproc32_multiword_carry_chain ... ok
board	Prove silicon GPIO mapping and guest board behavior	2026-09-30T14:26:41.1824456Z test cpu::cortex_m::tests::test_dataproc32_pkh ... ok
board	Prove silicon GPIO mapping and guest board behavior	2026-09-30T14:26:41.1825065Z test cpu::cortex_m::tests::test_dataproc32_rrx_rotates_through_carry ... ok
board	Prove silicon GPIO mapping and guest board behavior	2026-09-30T14:26:41.1826014Z test cpu::cortex_m::tests::test_dataproc32_rsb ... ok
board	Prove silicon GPIO mapping and guest board behavior	2026-09-30T14:26:41.1826928Z test cpu::cortex_m::tests::test_dataproc32_sbc_borrow ... ok
board	Prove silicon GPIO mapping and guest board behavior	2026-09-30T14:26:41.1827977Z test cpu::cortex_m::tests::test_dataproc32_umaal ... ok
board	Prove silicon GPIO mapping and guest board behavior	2026-09-30T14:26:41.1828836Z test cpu::cortex_m::tests::test_exec_ldmia_base_not_in_list_writes_back ... ok
board	Prove silicon GPIO mapping and guest board behavior	2026-09-30T14:26:41.1829711Z test cpu::cortex_m::tests::test_exec_ldmia_base_in_list_no_writeback ... ok
board	Prove silicon GPIO mapping and guest board behavior	2026-09-30T14:26:41.1830560Z test cpu::cortex_m::tests::test_exec_ldrsb_reg_offset_negative ... ok
board	Prove silicon GPIO mapping and guest board behavior	2026-09-30T14:26:41.1831430Z test cpu::cortex_m::tests::test_exec_ldrh_reg_offset ... ok
board	Prove silicon GPIO mapping and guest board behavior	2026-09-30T14:26:41.1832692Z test cpu::cortex_m::tests::coalesced_t16_store_spin_matches_compiler_loop_from_every_phase_and_budget ... ok
board	Prove silicon GPIO mapping and guest board behavior	2026-09-30T14:26:41.1833795Z test cpu::cortex_m::tests::test_exec_ldrsh_reg_offset_negative ... ok
board	Prove silicon GPIO mapping and guest board behavior	2026-09-30T14:26:41.1834622Z test cpu::cortex_m::tests::test_exec_ldrsb_reg_offset_positive ... ok
board	Prove silicon GPIO mapping and guest board behavior	2026-09-30T14:26:41.1835344Z test cpu::cortex_m::tests::test_exec_rev_t1_16bit ... ok
board	Prove silicon GPIO mapping and guest board behavior	2026-09-30T14:26:41.1836036Z test cpu::cortex_m::tests::test_exec_strh_reg_offset ... ok
board	Prove silicon GPIO mapping and guest board behavior	2026-09-30T14:26:41.1836688Z test cpu::cortex_m::tests::test_exec_wide_load_byte_halfword_extension ... ok
board	Prove silicon GPIO mapping and guest board behavior	2026-09-30T14:26:41.1837207Z test cpu::cortex_m::tests::test_ldr_t4_post_index_pc_function_return ... ok
board	Prove silicon GPIO mapping and guest board behavior	2026-09-30T14:26:41.1837725Z test cpu::cortex_m::tests::test_exec_wide_register_extend ... ok
board	Prove silicon GPIO mapping and guest board behavior	2026-09-30T14:26:41.1838470Z test cpu::cortex_m::tests::test_ldr_t4_pre_index_writeback ... ok
board	Prove silicon GPIO mapping and guest board behavior	2026-09-30T14:26:41.1839235Z test cpu::cortex_m::tests::test_ldrd_postindex_writeback ... ok
board	Prove silicon GPIO mapping and guest board behavior	2026-09-30T14:26:41.1840024Z test cpu::cortex_m::tests::test_ldrd_offset_no_writeback ... ok
board	Prove silicon GPIO mapping and guest board behavior	2026-09-30T14:26:41.1840793Z test cpu::cortex_m::tests::test_parallel_halfword_add_sub_variants ... ok
board	Prove silicon GPIO mapping and guest board behavior	2026-09-30T14:26:41.1841500Z test cpu::cortex_m::tests::test_shift_reg32_flags_table ... ok
board	Prove silicon GPIO mapping and guest board behavior	2026-09-30T14:26:41.1842455Z test cpu::cortex_m::tests::test_shift_reg32_s0_leaves_apsr_alone ... ok
board	Prove silicon GPIO mapping and guest board behavior	2026-09-30T14:26:41.1843947Z test cpu::cortex_m::tests::test_simd_uadd8_sel_strlen_kernel ... ok
board	Prove silicon GPIO mapping and guest board behavior	2026-09-30T14:26:41.1844755Z test cpu::cortex_m::tests::test_str_t4_pre_decrement_writeback ... ok
board	Prove silicon GPIO mapping and guest board behavior	2026-09-30T14:26:41.1845549Z test cpu::cortex_m::tests::test_simd_usub8_ssub8_ge ... ok
board	Prove silicon GPIO mapping and guest board behavior	2026-09-30T14:26:41.1846345Z test cpu::cortex_m::tests::test_thumb2_addw_subw_plain_immediate ... ok
board	Prove silicon GPIO mapping and guest board behavior	2026-09-30T14:26:41.1847068Z test cpu::cortex_m::tests::test_strd_predec_writeback ... ok
board	Prove silicon GPIO mapping and guest board behavior	2026-09-30T14:26:41.1847814Z test cpu::cortex_m::tests::test_svc_pends_and_takes_svcall_exception ... ok
board	Prove silicon GPIO mapping and guest board behavior	2026-09-30T14:26:41.1848606Z test cpu::cortex_m::tests::test_thumb2_barrier_is_nop ... ok
board	Prove silicon GPIO mapping and guest board behavior	2026-09-30T14:26:41.1849362Z test cpu::cortex_m::tests::test_thumb2_halfword_multiplies ... ok
board	Prove silicon GPIO mapping and guest board behavior	2026-09-30T14:26:41.1852098Z test cpu::cortex_m::tests::test_thumb2_msr_mrs_primask ... ok
board	Prove silicon GPIO mapping and guest board behavior	2026-09-30T14:26:41.1852933Z test cpu::cortex_m::tests::test_thumb2_shift_register_lsr_lsl_asr ... ok
board	Prove silicon GPIO mapping and guest board behavior	2026-09-30T14:26:41.1853802Z test cpu::cortex_m::tests::test_thumb2_pld_is_nop_not_pc_load ... ok
board	Prove silicon GPIO mapping and guest board behavior	2026-09-30T14:26:41.1854489Z test cpu::cortex_m::tests::test_thumb2_mla_mls ... ok
board	Prove silicon GPIO mapping and guest board behavior	2026-09-30T14:26:41.1855274Z test cpu::cortex_m::tests::test_thumb2_stmia_ldmdb_wide_addressing ... ok
board	Prove silicon GPIO mapping and guest board behavior	2026-09-30T14:26:41.1856110Z test cpu::cortex_m::tests::test_thumb2_vfma_decodes_the_real_h563_opcode ... ok
board	Prove silicon GPIO mapping and guest board behavior	2026-09-30T14:26:41.1857072Z test cpu::cortex_m::tests::test_thumb2_vfma_is_truly_fused_not_double_rounded ... ok
board	Prove silicon GPIO mapping and guest board behavior	2026-09-30T14:26:41.1860323Z test cpu::cortex_m::tests::test_thumb2_vfms_vfnma_vfnms_sign_handling ... ok
board	Prove silicon GPIO mapping and guest board behavior	2026-09-30T14:26:41.1861368Z test cpu::cortex_m::tests::test_thumb2_vfp_smoke_3_14_times_2 ... ok
board	Prove silicon GPIO mapping and guest board behavior	2026-09-30T14:26:41.1862339Z test cpu::cortex_m::tests::test_thumb2_wide_multiplies ... ok
board	Prove silicon GPIO mapping and guest board behavior	2026-09-30T14:26:41.1862774Z test cpu::cortex_m::tests::test_thumb2_vfp_add_sub_div ... ok
board	Prove silicon GPIO mapping and guest board behavior	2026-09-30T14:26:41.1863245Z test cpu::cortex_m::tests::test_uqadd16_is_a_real_saturating_add_not_a_skip ... ok
board	Prove silicon GPIO mapping and guest board behavior	2026-09-30T14:26:41.1863712Z test cpu::cortex_m::tests::test_vfp_fma_honors_fz_and_dn ... ok
board	Prove silicon GPIO mapping and guest board behavior	2026-09-30T14:26:41.1864225Z test cpu::cortex_m::tests::test_vfp_fpscr_dn_and_nan_payload_canonicalization ... ok
board	Prove silicon GPIO mapping and guest board behavior	2026-09-30T14:26:41.1865147Z test cpu::cortex_m::tests::test_vfp_fpscr_fz_flushes_denormal_inputs_and_results ... ok
board	Prove silicon GPIO mapping and guest board behavior	2026-09-30T14:26:41.1866098Z test cpu::cortex_m::tests::test_thumb2_vfp_fpscr_modes_apply_to_instructions ... ok
board	Prove silicon GPIO mapping and guest board behavior	2026-09-30T14:26:41.1866921Z test cpu::cortex_m::tests::vcmp_f32_with_zero_and_fz_flushes_denormals ... ok
board	Prove silicon GPIO mapping and guest board behavior	2026-09-30T14:26:41.1867379Z test cpu::cortex_m::tests::test_thumb_sxth_sxtb_uxth_uxtb ... ok
board	Prove silicon GPIO mapping and guest board behavior	2026-09-30T14:26:41.1867792Z test cpu::cortex_m::tests::vfp_unary_ops_and_vnmul_f32 ... ok
board	Prove silicon GPIO mapping and guest board behavior	2026-09-30T14:26:41.1868263Z test cpu::cortex_m::tests::vcmpe_f32_then_vmrs_apsr_nzcv_sets_branch_flags ... ok
board	Prove silicon GPIO mapping and guest board behavior	2026-09-30T14:26:41.1872281Z test cpu::cortex_m::tests::vmsr_vmrs_round_trip_fpscr ... ok
board	Prove silicon GPIO mapping and guest board behavior	2026-09-30T14:26:41.1873507Z test cpu::cortex_m::tests::wfi_decodes_and_retires_like_nop ... ok
board	Prove silicon GPIO mapping and guest board behavior	2026-09-30T14:26:41.1874799Z test cpu::cortex_m::tests::wfi_is_nop_when_wake_already_pending ... ok
board	Prove silicon GPIO mapping and guest board behavior	2026-09-30T14:26:41.1877217Z test cpu::cortex_m::tests::wfi_primask_set_wakes_without_taking ... ok
board	Prove silicon GPIO mapping and guest board behavior	2026-09-30T14:26:41.1878033Z test cpu::cortex_m::tests::wfi_fast_forward_is_off_by_default ... ok
board	Prove silicon GPIO mapping and guest board behavior	2026-09-30T14:26:41.1879204Z test cpu::cortex_m::tests::wfi_wakes_and_takes_exception_when_primask_clear ... ok
board	Prove silicon GPIO mapping and guest board behavior	2026-09-30T14:26:41.1883133Z test cpu::cortex_m::tests::wfi_fast_forward_skips_cpu_work_when_enabled ... ok
board	Prove silicon GPIO mapping and guest board behavior	2026-09-30T14:26:41.1883860Z test result: ok. 144 passed; 0 failed; 0 ignored; 0 measured; 4077 filtered out; finished in 0.03s
board	Prove native WASM analog input routing	2026-09-30T14:29:09.6029296Z test inputs::adc_routing_tests::legacy_stm32_route_keeps_injection_release_and_checks_its_channel_count ... ok
board	Prove native WASM analog input routing	2026-09-30T14:29:09.6032401Z test inputs::adc_routing_tests::invalid_saadc_input_is_rejected_without_legacy_downcast_or_mutation ... ok
board	Prove native WASM analog input routing	2026-09-30T14:29:09.6040244Z test inputs::adc_routing_tests::generic_saadc_route_changes_conversion_and_releases_input ... ok
board	Prove native WASM analog input routing	2026-09-30T14:29:09.6041710Z test result: ok. 3 passed; 0 failed; 0 ignored; 0 measured; 102 filtered out; finished in 0.00s
