board	Prove silicon GPIO mapping and guest board behavior	2026-09-30T12:25:18.5090671Z test active_display_button_workload_throughput ... ignored, explicit release-mode active-workload performance qualification
board	Prove silicon GPIO mapping and guest board behavior	2026-09-30T12:25:18.5813359Z test guest_scans_all_rows_and_silicon_p1_column_and_reads_buttons ... ok
board	Prove silicon GPIO mapping and guest board behavior	2026-09-30T12:25:18.5813902Z test result: ok. 1 passed; 0 failed; 1 ignored; 0 measured; 0 filtered out; finished in 0.07s
board	Prove silicon GPIO mapping and guest board behavior	2026-09-30T12:25:18.6327709Z test a_gpiote_drive_leaves_the_buttons_released ... ok
board	Prove silicon GPIO mapping and guest board behavior	2026-09-30T12:25:18.6328644Z test gpiote_owns_its_pad_over_the_ports_registers ... ok
board	Prove silicon GPIO mapping and guest board behavior	2026-09-30T12:25:18.6342971Z test a_timer_compare_over_ppi_toggles_the_pad ... ok
board	Prove silicon GPIO mapping and guest board behavior	2026-09-30T12:25:19.3464078Z test the_matrix_shows_the_pixel_gpiote_and_the_row_light ... ok
board	Prove silicon GPIO mapping and guest board behavior	2026-09-30T12:25:19.3464810Z test result: ok. 4 passed; 0 failed; 0 ignored; 0 measured; 0 filtered out; finished in 0.76s
board	Prove silicon GPIO mapping and guest board behavior	2026-09-30T12:25:19.3491059Z test active_motion_display_button_workload_throughput ... ignored, explicit release-mode active-motion performance qualification
board	Prove silicon GPIO mapping and guest board behavior	2026-09-30T12:25:19.4515765Z test guest_reads_changing_motion_through_production_twim_easydma ... ok
board	Prove silicon GPIO mapping and guest board behavior	2026-09-30T12:25:19.4516316Z test result: ok. 1 passed; 0 failed; 1 ignored; 0 measured; 0 filtered out; finished in 0.10s
board	Prove silicon GPIO mapping and guest board behavior	2026-09-30T12:25:19.5027298Z test nrf52833_from_config_builds ... ok
board	Prove silicon GPIO mapping and guest board behavior	2026-09-30T12:25:19.5028880Z test nrf52833_sysresetreq_resets_vtor_and_nvic ... ok
board	Prove silicon GPIO mapping and guest board behavior	2026-09-30T12:25:19.5029214Z test nrf52833_load_firmware_programs_the_uicr_record ... ok
board	Prove silicon GPIO mapping and guest board behavior	2026-09-30T12:25:19.5029556Z test nrf52833_uarte0_endtx_interrupt_is_delivered ... ok
board	Prove silicon GPIO mapping and guest board behavior	2026-09-30T12:25:19.5030150Z test result: ok. 4 passed; 0 failed; 0 ignored; 0 measured; 0 filtered out; finished in 0.05s
board	Prove silicon GPIO mapping and guest board behavior	2026-09-30T12:25:19.5438819Z test silicon_gpio_windows_keep_all_pin_configurations_independent ... ok
board	Prove silicon GPIO mapping and guest board behavior	2026-09-30T12:25:19.5439267Z test compact_p1_keeps_nrf52_peripheral_pad_routing ... ok
board	Prove silicon GPIO mapping and guest board behavior	2026-09-30T12:25:20.7051928Z test silicon_p1_output_drives_the_fourth_matrix_column ... ok
board	Prove silicon GPIO mapping and guest board behavior	2026-09-30T12:25:20.7052599Z test result: ok. 3 passed; 0 failed; 0 ignored; 0 measured; 0 filtered out; finished in 1.20s
board	Prove silicon GPIO mapping and guest board behavior	2026-09-30T12:25:20.7261123Z test a_descriptor_with_no_kit_is_named ... ok
board	Prove silicon GPIO mapping and guest board behavior	2026-09-30T12:25:20.7261779Z test device_type_strings_are_unique ... ok
board	Prove silicon GPIO mapping and guest board behavior	2026-09-30T12:25:20.7266689Z test config_keys_are_internally_unique ... ok
board	Prove silicon GPIO mapping and guest board behavior	2026-09-30T12:25:20.7267158Z test lookup_resolves_every_registered_kit ... ok
board	Prove silicon GPIO mapping and guest board behavior	2026-09-30T12:25:20.7267575Z test lab_example_dirs_exist_on_disk ... ok
board	Prove silicon GPIO mapping and guest board behavior	2026-09-30T12:25:20.7268022Z test kit_metadata_carries_no_commercial_overlay_data ... ok
board	Prove silicon GPIO mapping and guest board behavior	2026-09-30T12:25:20.7268494Z test metadata_text_fields_are_non_empty ... ok
board	Prove silicon GPIO mapping and guest board behavior	2026-09-30T12:25:20.7268880Z test registry_is_non_empty ... ok
board	Prove silicon GPIO mapping and guest board behavior	2026-09-30T12:25:20.7269334Z test the_declarative_gpio_family_is_in_the_manifest ... ok
board	Prove silicon GPIO mapping and guest board behavior	2026-09-30T12:25:20.7269784Z test manifest_json_matches_registry ... ok
board	Prove silicon GPIO mapping and guest board behavior	2026-09-30T12:25:20.7371443Z test every_device_descriptor_is_a_kit ... ok
board	Prove silicon GPIO mapping and guest board behavior	2026-09-30T12:25:20.7372036Z test result: ok. 11 passed; 0 failed; 0 ignored; 0 measured; 0 filtered out; finished in 0.03s
board	Prove silicon GPIO mapping and guest board behavior	2026-09-30T12:26:25.5331796Z test guest_scans_once_per_trigger_and_latches_next_buffer_at_start ... ok
board	Prove silicon GPIO mapping and guest board behavior	2026-09-30T12:26:25.5332578Z test result: ok. 1 passed; 0 failed; 0 ignored; 0 measured; 0 filtered out; finished in 0.05s
board	Prove silicon GPIO mapping and guest board behavior	2026-09-30T12:27:19.9153440Z test pwm_easydma_completes_within_8_cycles_at_tick_512 ... ok
board	Prove silicon GPIO mapping and guest board behavior	2026-09-30T12:27:19.9162117Z test saadc_easydma_completes_within_8_cycles_at_tick_512 ... ok
board	Prove silicon GPIO mapping and guest board behavior	2026-09-30T12:27:19.9163754Z test uarte_easydma_completes_within_8_cycles_at_tick_512 ... ok
board	Prove silicon GPIO mapping and guest board behavior	2026-09-30T12:27:19.9399708Z test uarte_tx_walk1_vs_sched512_completion_cycle_identity ... ok
board	Prove silicon GPIO mapping and guest board behavior	2026-09-30T12:27:19.9400369Z test result: ok. 4 passed; 0 failed; 0 ignored; 0 measured; 0 filtered out; finished in 0.06s
board	Prove silicon GPIO mapping and guest board behavior	2026-09-30T12:31:31.1881115Z test peripherals::chip_map::tests::base_of_misses_for_an_undeclared_peripheral ... ok
board	Prove silicon GPIO mapping and guest board behavior	2026-09-30T12:31:31.1881923Z test peripherals::chip_map::tests::empty_map_misses_everything ... ok
board	Prove silicon GPIO mapping and guest board behavior	2026-09-30T12:31:31.1882527Z test peripherals::chip_map::tests::base_of_returns_the_declared_address ... ok
board	Prove silicon GPIO mapping and guest board behavior	2026-09-30T12:31:31.1883036Z test peripherals::chip_map::tests::register_address_rejects_invalid_offset_and_overflow ... ok
board	Prove silicon GPIO mapping and guest board behavior	2026-09-30T12:31:31.1883521Z test peripherals::chip_map::tests::register_address_translates_compact_windows ... ok
board	Prove silicon GPIO mapping and guest board behavior	2026-09-30T12:31:31.1883995Z test result: ok. 5 passed; 0 failed; 0 ignored; 0 measured; 4199 filtered out; finished in 0.00s
board	Prove silicon GPIO mapping and guest board behavior	2026-09-30T12:31:31.3459779Z test peripherals::nrf52::gpiote::tests::config_in_task_mode_drives_outinit ... ok
board	Prove silicon GPIO mapping and guest board behavior	2026-09-30T12:31:31.3460428Z test peripherals::nrf52::gpiote::tests::task_clr_drives_in_register_low_on_port1 ... ok
board	Prove silicon GPIO mapping and guest board behavior	2026-09-30T12:31:31.3461111Z test peripherals::nrf52::gpiote::tests::outinit_seeds_initial_toggle_direction ... ok
board	Prove silicon GPIO mapping and guest board behavior	2026-09-30T12:31:31.3461805Z test peripherals::nrf52::gpiote::tests::config0_round_trips_writable_bits ... ok
board	Prove silicon GPIO mapping and guest board behavior	2026-09-30T12:31:31.3462215Z test peripherals::nrf52::gpiote::tests::task_in_event_mode_is_noop ... ok
board	Prove silicon GPIO mapping and guest board behavior	2026-09-30T12:31:31.3462607Z test peripherals::nrf52::gpiote::tests::task_out_toggle_alternates_in_register ... ok
board	Prove silicon GPIO mapping and guest board behavior	2026-09-30T12:31:31.3463076Z test peripherals::nrf52::gpiote::tests::task_with_polarity_lo_to_hi_drives_in_high ... ok
board	Prove silicon GPIO mapping and guest board behavior	2026-09-30T12:31:31.3463524Z test peripherals::nrf52::gpiote::tests::task_set_drives_in_register_not_out ... ok
board	Prove silicon GPIO mapping and guest board behavior	2026-09-30T12:31:31.3463966Z test result: ok. 8 passed; 0 failed; 0 ignored; 0 measured; 4196 filtered out; finished in 0.00s
board	Prove silicon GPIO mapping and guest board behavior	2026-09-30T12:31:31.4983423Z test peripherals::nrf52::saadc::tests::channel0_config_round_trips ... ok
board	Prove silicon GPIO mapping and guest board behavior	2026-09-30T12:31:31.4984289Z test peripherals::nrf52::saadc::tests::cancellation_preserves_partial_amount_and_stale_event_cannot_drain_restart ... ok
board	Prove silicon GPIO mapping and guest board behavior	2026-09-30T12:31:31.4984869Z test peripherals::nrf52::saadc::tests::all_gains_and_vdd_reference_change_actual_dma_codes ... ok
board	Prove silicon GPIO mapping and guest board behavior	2026-09-30T12:31:31.4985371Z test peripherals::nrf52::saadc::tests::clear_input_grounds_inputs_without_inventing_a_legacy_source ... ok
board	Prove silicon GPIO mapping and guest board behavior	2026-09-30T12:31:31.4986266Z test peripherals::nrf52::saadc::tests::differential_results_are_signed_and_saturate_to_resolution ... ok
board	Prove silicon GPIO mapping and guest board behavior	2026-09-30T12:31:31.4986785Z test peripherals::nrf52::saadc::tests::disconnected_or_invalid_slots_never_fabricate_samples_or_events ... ok
board	Prove silicon GPIO mapping and guest board behavior	2026-09-30T12:31:31.4987264Z test peripherals::nrf52::saadc::tests::held_source_scales_with_resolution ... ok
board	Prove silicon GPIO mapping and guest board behavior	2026-09-30T12:31:31.4987723Z test peripherals::nrf52::saadc::tests::level_irq_uses_correct_event_bits_and_clears_with_event_or_mask ... ok
board	Prove silicon GPIO mapping and guest board behavior	2026-09-30T12:31:31.4988254Z test peripherals::nrf52::saadc::tests::microphone_ain3_is_selected_by_pselp4_independently_of_channel_slot ... ok
board	Prove silicon GPIO mapping and guest board behavior	2026-09-30T12:31:31.4988738Z test peripherals::nrf52::saadc::tests::on_event_completes_easydma_sample ... ok
board	Prove silicon GPIO mapping and guest board behavior	2026-09-30T12:31:31.4989170Z test peripherals::nrf52::saadc::tests::pointer_and_count_edits_apply_only_to_next_start ... ok
board	Prove silicon GPIO mapping and guest board behavior	2026-09-30T12:31:31.4989586Z test peripherals::nrf52::saadc::tests::sample_ignored_when_disabled ... ok
board	Prove silicon GPIO mapping and guest board behavior	2026-09-30T12:31:31.4993689Z test peripherals::nrf52::saadc::tests::resolution_masks_to_3_bits ... ok
board	Prove silicon GPIO mapping and guest board behavior	2026-09-30T12:31:31.4994607Z test peripherals::nrf52::saadc::tests::sample_schedules_delay0_event ... ok
board	Prove silicon GPIO mapping and guest board behavior	2026-09-30T12:31:31.4995380Z test peripherals::nrf52::saadc::tests::scan_visits_only_enabled_slots_and_does_not_invent_disconnected_samples ... ok
board	Prove silicon GPIO mapping and guest board behavior	2026-09-30T12:31:31.4996129Z test peripherals::nrf52::saadc::tests::sample_writes_easydma_result_and_fires_events ... ok
board	Prove silicon GPIO mapping and guest board behavior	2026-09-30T12:31:31.4996566Z test peripherals::nrf52::saadc::tests::sample_written_to_dma_changes_with_resolution ... ok
board	Prove silicon GPIO mapping and guest board behavior	2026-09-30T12:31:31.4997047Z test peripherals::nrf52::saadc::tests::scheduled_completion_delivers_enabled_irq_without_legacy_walk ... ok
board	Prove silicon GPIO mapping and guest board behavior	2026-09-30T12:31:31.4997654Z test peripherals::nrf52::saadc::tests::single_ended_ignores_negative_selector_and_preserves_resolution_scaling ... ok
board	Prove silicon GPIO mapping and guest board behavior	2026-09-30T12:31:31.4998279Z test peripherals::nrf52::saadc::tests::sparse_scans_append_partial_last_scan_without_overwriting_sentinel ... ok
board	Prove silicon GPIO mapping and guest board behavior	2026-09-30T12:31:31.4999009Z test peripherals::nrf52::saadc::tests::start_ignored_when_disabled ... ok
board	Prove silicon GPIO mapping and guest board behavior	2026-09-30T12:31:31.4999716Z test peripherals::nrf52::saadc::tests::start_required_and_end_disarms_until_next_start ... ok
board	Prove silicon GPIO mapping and guest board behavior	2026-09-30T12:31:31.5000351Z test peripherals::nrf52::saadc::tests::stop_or_disable_cancels_pending_conversion ... ok
board	Prove silicon GPIO mapping and guest board behavior	2026-09-30T12:31:31.5000935Z test peripherals::nrf52::saadc::tests::start_sets_started_when_enabled ... ok
board	Prove silicon GPIO mapping and guest board behavior	2026-09-30T12:31:31.5001629Z test peripherals::nrf52::saadc::tests::stop_sets_stopped_when_enabled ... ok
board	Prove silicon GPIO mapping and guest board behavior	2026-09-30T12:31:31.5002249Z test peripherals::nrf52::saadc::tests::zero_maxcnt_never_invents_conversion_events_or_writes ... ok
board	Prove silicon GPIO mapping and guest board behavior	2026-09-30T12:31:31.5002945Z test result: ok. 26 passed; 0 failed; 0 ignored; 0 measured; 4178 filtered out; finished in 0.00s
board	Prove silicon GPIO mapping and guest board behavior	2026-09-30T12:31:31.6513569Z test peripherals::avr_gpio::tests::an_input_level_on_an_output_pad_is_harmless ... ok
board	Prove silicon GPIO mapping and guest board behavior	2026-09-30T12:31:31.6514354Z test peripherals::avr_gpio::tests::direction_is_the_ddr_bit ... ok
board	Prove silicon GPIO mapping and guest board behavior	2026-09-30T12:31:31.6515285Z test peripherals::avr_gpio::tests::externally_driven_level_lands_in_pin_and_reads_back ... ok
board	Prove silicon GPIO mapping and guest board behavior	2026-09-30T12:31:31.6515956Z test peripherals::avr_gpio::tests::led_pin_tracks_port_when_ddr_out ... ok
board	Prove silicon GPIO mapping and guest board behavior	2026-09-30T12:31:31.6516601Z test peripherals::avr_gpio::tests::set_gpio_input_refuses_a_pin_outside_the_port ... ok
board	Prove silicon GPIO mapping and guest board behavior	2026-09-30T12:31:31.6518201Z test peripherals::avr_gpio::tests::routing_and_snapshot_expose_avr_direction_and_pull_latch ... ok
board	Prove silicon GPIO mapping and guest board behavior	2026-09-30T12:31:31.6518931Z test peripherals::avr_gpio::tests::output_pin_still_reads_its_own_port_latch ... ok
board	Prove silicon GPIO mapping and guest board behavior	2026-09-30T12:31:31.6519705Z test peripherals::components::declarative_gpio::tests::a_descriptor_with_no_rules_is_refused ... ok
board	Prove silicon GPIO mapping and guest board behavior	2026-09-30T12:31:31.6520503Z test peripherals::components::declarative_gpio::tests::a_malformed_guard_is_a_load_error_naming_the_rule ... ok
board	Prove silicon GPIO mapping and guest board behavior	2026-09-30T12:31:31.6523089Z test peripherals::components::declarative_gpio::tests::a_rule_naming_an_undeclared_pin_is_a_load_error ... ok
board	Prove silicon GPIO mapping and guest board behavior	2026-09-30T12:31:31.6524269Z test peripherals::components::declarative_gpio::tests::a_sub_microsecond_tick_does_not_lose_time ... ok
board	Prove silicon GPIO mapping and guest board behavior	2026-09-30T12:31:31.6525414Z test peripherals::components::declarative_gpio::tests::an_mcu_edge_reaches_a_rule_and_the_answer_reaches_a_pad ... ok
board	Prove silicon GPIO mapping and guest board behavior	2026-09-30T12:31:31.6546140Z test peripherals::components::declarative_gpio::tests::dht_requires_observed_low_duration_and_falling_aborts ... ok
board	Prove silicon GPIO mapping and guest board behavior	2026-09-30T12:31:31.6550372Z test peripherals::components::declarative_gpio::tests::gpio_timing_policies_have_backward_compatible_serialized_defaults ... ok
board	Prove silicon GPIO mapping and guest board behavior	2026-09-30T12:31:31.6582260Z test peripherals::components::declarative_gpio::tests::hcsr04_retrigger_replaces_active_window_with_new_latched_distance ... ok
board	Prove silicon GPIO mapping and guest board behavior	2026-09-30T12:31:31.6612136Z test peripherals::components::declarative_gpio::tests::invalid_dynamic_emission_reports_fault_and_keeps_old_generation ... ok
board	Prove silicon GPIO mapping and guest board behavior	2026-09-30T12:31:31.6622283Z test peripherals::components::declarative_gpio::tests::pin_config_defaults_reject_undeclared_keys_and_blank_labels ... ok
board	Prove silicon GPIO mapping and guest board behavior	2026-09-30T12:31:31.6662276Z test peripherals::components::declarative_gpio::tests::placement_seed_clamping_is_opt_in_for_existing_gpio_descriptors ... ok
board	Prove silicon GPIO mapping and guest board behavior	2026-09-30T12:31:31.6691982Z test peripherals::components::declarative_gpio::tests::scheduled_reply_is_latched_and_serviced_without_sampling_host ... ok
board	Prove silicon GPIO mapping and guest board behavior	2026-09-30T12:31:31.6702036Z test peripherals::components::declarative_gpio::tests::the_derived_clock_fires_timers_from_cycles ... ok
board	Prove silicon GPIO mapping and guest board behavior	2026-09-30T12:31:31.6751765Z test peripherals::esp32::gpio::tests::out_w1ts_sets_bit_and_fires_observer ... ok
board	Prove silicon GPIO mapping and guest board behavior	2026-09-30T12:31:31.6772653Z test peripherals::esp32::gpio::tests::pin_register_at_0x88_round_trips_int_type_and_ena ... ok
board	Prove silicon GPIO mapping and guest board behavior	2026-09-30T12:31:31.6773738Z test peripherals::esp32::gpio::tests::snapshot_exposes_odr_for_board_io_readback ... ok
board	Prove silicon GPIO mapping and guest board behavior	2026-09-30T12:31:31.6774836Z test peripherals::esp32::gpio::tests::w1tc_via_word_store_clears_only_target_bit ... ok
board	Prove silicon GPIO mapping and guest board behavior	2026-09-30T12:31:31.6776120Z test peripherals::esp32c3::gpio::tests::c3_pin_config_uses_c3_pin0_offset ... ok
board	Prove silicon GPIO mapping and guest board behavior	2026-09-30T12:31:31.6777340Z test peripherals::components::declarative_gpio::tests::microsecond_timers_keep_fractional_cpu_clock_remainders ... ok
board	Prove silicon GPIO mapping and guest board behavior	2026-09-30T12:31:31.6786390Z test peripherals::components::declarative_gpio::tests::hcsr04_fractional_width_matches_oracle_and_retrigger_latches ... ok
board	Prove silicon GPIO mapping and guest board behavior	2026-09-30T12:31:31.6787462Z test peripherals::esp32c3::gpio::tests::gpio_routing_resolves_the_output_matrix ... ok
board	Prove silicon GPIO mapping and guest board behavior	2026-09-30T12:31:31.6788418Z test peripherals::esp32c3::gpio::tests::input_pullup_uses_the_same_effective_level_for_logic_capture ... ok
board	Prove silicon GPIO mapping and guest board behavior	2026-09-30T12:31:31.6789648Z test peripherals::components::declarative_gpio::tests::declarative_dht_matches_oracle_for_every_cycle_and_latches_inputs ... ok
board	Prove silicon GPIO mapping and guest board behavior	2026-09-30T12:31:31.7062588Z test peripherals::esp32c3::gpio::tests::esp32c3_input_pullup_releases_a_floating_pin_but_external_drive_wins ... ok
board	Prove silicon GPIO mapping and guest board behavior	2026-09-30T12:31:31.7122197Z test peripherals::esp32c3::gpio::tests::io_mux_byte_and_halfword_writes_drive_pullups_and_emit_capture_edges ... ok
board	Prove silicon GPIO mapping and guest board behavior	2026-09-30T12:31:31.7151973Z test peripherals::esp32c3::gpio::tests::reset_strap_selects_spi_flash_boot ... ok
board	Prove silicon GPIO mapping and guest board behavior	2026-09-30T12:31:31.7192631Z test peripherals::esp32c3::gpio::tests::side_effect_free_peek_exposes_modeled_output_register ... ok
board	Prove silicon GPIO mapping and guest board behavior	2026-09-30T12:31:31.7202148Z test peripherals::esp32c3::gpio::tests::w1ts_and_w1tc_update_output_register ... ok
board	Prove silicon GPIO mapping and guest board behavior	2026-09-30T12:31:31.7252486Z test peripherals::esp32s3::gpio::tests::bank1_gpio48_edges_reach_observer_with_timing ... ok
board	Prove silicon GPIO mapping and guest board behavior	2026-09-30T12:31:31.7262082Z test peripherals::esp32s3::gpio::tests::bank1_out_enable_w1ts_w1tc_arithmetic ... ok
board	Prove silicon GPIO mapping and guest board behavior	2026-09-30T12:31:31.7302330Z test peripherals::esp32s3::gpio::tests::config_registers_store_under_write_mask ... ok
board	Prove silicon GPIO mapping and guest board behavior	2026-09-30T12:31:31.7303158Z test peripherals::esp32s3::gpio::tests::cycle_increments_each_tick_and_observer_sees_it ... ok
board	Prove silicon GPIO mapping and guest board behavior	2026-09-30T12:31:31.7322058Z test peripherals::esp32s3::gpio::tests::direct_out_write_fires_observer_for_each_changed_bit ... ok
board	Prove silicon GPIO mapping and guest board behavior	2026-09-30T12:31:31.7332060Z test peripherals::esp32s3::gpio::tests::drive_pad_output_edges_reach_observer_with_timing ... ok
board	Prove silicon GPIO mapping and guest board behavior	2026-09-30T12:31:31.7332871Z test peripherals::esp32s3::gpio::tests::drive_pad_output_rejects_pins_above_48 ... ok
board	Prove silicon GPIO mapping and guest board behavior	2026-09-30T12:31:31.7333605Z test peripherals::esp32s3::gpio::tests::drive_pad_output_same_level_does_not_fire ... ok
board	Prove silicon GPIO mapping and guest board behavior	2026-09-30T12:31:31.7334291Z test peripherals::esp32s3::gpio::tests::enable_w1tc_clears_enable_bit ... ok
board	Prove silicon GPIO mapping and guest board behavior	2026-09-30T12:31:31.7334925Z test peripherals::esp32s3::gpio::tests::enable_w1ts_sets_enable_bit ... ok
board	Prove silicon GPIO mapping and guest board behavior	2026-09-30T12:31:31.7335643Z test peripherals::esp32s3::gpio::tests::esp32s3_enabled_output_driver_beats_the_pad_pullup ... ok
board	Prove silicon GPIO mapping and guest board behavior	2026-09-30T12:31:31.7336480Z test peripherals::esp32s3::gpio::tests::esp32s3_gpio_without_io_mux_wiring_reads_undriven_pads_low ... ok
board	Prove silicon GPIO mapping and guest board behavior	2026-09-30T12:31:31.7337351Z test peripherals::esp32s3::gpio::tests::esp32s3_input_pullup_is_visible_in_the_gpio_in_register ... ok
board	Prove silicon GPIO mapping and guest board behavior	2026-09-30T12:31:31.7338617Z test peripherals::esp32s3::gpio::tests::esp32s3_input_pullup_reaches_bank_one_through_in1 ... ok
board	Prove silicon GPIO mapping and guest board behavior	2026-09-30T12:31:31.7339523Z test peripherals::esp32s3::gpio::tests::esp32s3_input_pullup_releases_a_floating_pin_but_external_drive_wins ... ok
board	Prove silicon GPIO mapping and guest board behavior	2026-09-30T12:31:31.7340409Z test peripherals::esp32c3::gpio::tests::io_mux_pullup_write_pushes_logic_capture_edge ... ok
board	Prove silicon GPIO mapping and guest board behavior	2026-09-30T12:31:31.7341451Z test peripherals::esp32s3::gpio::tests::esp32s3_pullup_write_does_not_override_a_standing_external_drive ... ok
board	Prove silicon GPIO mapping and guest board behavior	2026-09-30T12:31:31.7342398Z test peripherals::esp32s3::gpio::tests::four_state_observer_sees_enable_release_as_high_z_and_a_fight_as_x ... ok
board	Prove silicon GPIO mapping and guest board behavior	2026-09-30T12:31:31.7343220Z test peripherals::esp32s3::gpio::tests::func_out_sel_routes_rmt_signal_to_pad ... ok
board	Prove silicon GPIO mapping and guest board behavior	2026-09-30T12:31:31.7343939Z test peripherals::esp32s3::gpio::tests::gpio_routing_reports_rmt_af_and_plain_gpio ... ok
board	Prove silicon GPIO mapping and guest board behavior	2026-09-30T12:31:31.7344682Z test peripherals::esp32s3::gpio::tests::in_write_stores_into_input_cell_per_svd_access ... ok
board	Prove silicon GPIO mapping and guest board behavior	2026-09-30T12:31:31.7345595Z test peripherals::esp32s3::gpio::tests::out_w1tc_clears_bit_and_fires_observer ... ok
board	Prove silicon GPIO mapping and guest board behavior	2026-09-30T12:31:31.7346287Z test peripherals::esp32s3::gpio::tests::out_w1ts_sets_bit_and_fires_observer ... ok
board	Prove silicon GPIO mapping and guest board behavior	2026-09-30T12:31:31.7347025Z test peripherals::esp32s3::gpio::tests::output_register_edges_reach_observer_with_timing ... ok
board	Prove silicon GPIO mapping and guest board behavior	2026-09-30T12:31:31.7347779Z test peripherals::esp32s3::gpio::tests::pin_reg_round_trips_int_type_and_int_ena ... ok
board	Prove silicon GPIO mapping and guest board behavior	2026-09-30T12:31:31.7348478Z test peripherals::esp32s3::gpio::tests::read_only_registers_ignore_writes ... ok
board	Prove silicon GPIO mapping and guest board behavior	2026-09-30T12:31:31.7349113Z test peripherals::esp32s3::gpio::tests::reset_defaults_seeded ... ok
board	Prove silicon GPIO mapping and guest board behavior	2026-09-30T12:31:31.7349712Z test peripherals::esp32s3::gpio::tests::status_w1ts_w1tc_arithmetic ... ok
board	Prove silicon GPIO mapping and guest board behavior	2026-09-30T12:31:31.7350380Z test peripherals::esp32s3::gpio::tests::unmapped_offsets_read_zero_and_ignore_writes ... ok
board	Prove silicon GPIO mapping and guest board behavior	2026-09-30T12:31:31.7351110Z test peripherals::esp32s3::gpio::tests::writing_same_value_does_not_fire_observer ... ok
board	Prove silicon GPIO mapping and guest board behavior	2026-09-30T12:31:31.7351903Z test peripherals::gpio::tests::test_gpio_bsrr_reset ... ok
board	Prove silicon GPIO mapping and guest board behavior	2026-09-30T12:31:31.7352410Z test peripherals::gpio::tests::test_gpio_bsrr_set ... ok
board	Prove silicon GPIO mapping and guest board behavior	2026-09-30T12:31:31.7352997Z test peripherals::gpio::tests::test_gpio_bsrr_word_write_is_atomic_bs_priority ... ok
board	Prove silicon GPIO mapping and guest board behavior	2026-09-30T12:31:31.7353614Z test peripherals::gpio::tests::test_gpio_odr_write ... ok
board	Prove silicon GPIO mapping and guest board behavior	2026-09-30T12:31:31.7354122Z test peripherals::gpio::tests::test_gpio_reset_values ... ok
board	Prove silicon GPIO mapping and guest board behavior	2026-09-30T12:31:31.7354646Z test peripherals::gpio::tests::test_gpio_v2_bsrr_and_brr ... ok
board	Prove silicon GPIO mapping and guest board behavior	2026-09-30T12:31:31.7355190Z test peripherals::gpio::tests::test_gpio_v2_moder_and_odr ... ok
board	Prove silicon GPIO mapping and guest board behavior	2026-09-30T12:31:31.7355818Z test peripherals::esp32s3::gpio::tests::multiple_observers_all_get_notified ... ok
board	Prove silicon GPIO mapping and guest board behavior	2026-09-30T12:31:31.7472851Z test peripherals::esp32c3::gpio::tests::machine_snapshot_restores_io_mux_pads_date_and_gpio_wiring ... ok
board	Prove silicon GPIO mapping and guest board behavior	2026-09-30T12:31:31.7557599Z test peripherals::esp32c3::gpio::tests::fresh_machine_runtime_snapshot_restores_io_mux_state_and_gpio_wiring ... ok
board	Prove silicon GPIO mapping and guest board behavior	2026-09-30T12:31:31.7558241Z test result: ok. 75 passed; 0 failed; 0 ignored; 0 measured; 4129 filtered out; finished in 0.10s
board	Prove silicon GPIO mapping and guest board behavior	2026-09-30T12:31:31.9119167Z test peripherals::components::lsm303agr::tests::both_slaves_bdu_hold_high_first_until_low_is_read ... ok
board	Prove silicon GPIO mapping and guest board behavior	2026-09-30T12:31:31.9120277Z test peripherals::components::lsm303agr::tests::bdu_survives_split_transactions_and_releases_per_axis ... ok
board	Prove silicon GPIO mapping and guest board behavior	2026-09-30T12:31:31.9121542Z test peripherals::components::lsm303agr::tests::all_accelerometer_ranges_use_rev11_typical_sensitivity ... ok
board	Prove silicon GPIO mapping and guest board behavior	2026-09-30T12:31:31.9122571Z test peripherals::components::lsm303agr::tests::conditional_increment_read_and_write ... ok
board	Prove silicon GPIO mapping and guest board behavior	2026-09-30T12:31:31.9123635Z test peripherals::components::lsm303agr::tests::every_odr_uses_fractional_central_time_without_transaction_progress ... ok
board	Prove silicon GPIO mapping and guest board behavior	2026-09-30T12:31:31.9124820Z test peripherals::components::lsm303agr::tests::forbidden_mode_and_disabled_axes_do_not_sample ... ok
board	Prove silicon GPIO mapping and guest board behavior	2026-09-30T12:31:31.9125703Z test peripherals::components::lsm303agr::tests::hr_startup_waits_seven_periods_and_endian_requires_hr ... ok
board	Prove silicon GPIO mapping and guest board behavior	2026-09-30T12:31:31.9126484Z test peripherals::components::lsm303agr::tests::input_validation_and_component_identity ... ok
board	Prove silicon GPIO mapping and guest board behavior	2026-09-30T12:31:31.9127169Z test peripherals::components::lsm303agr::tests::odr_gate_overrun_and_read_acknowledgement ... ok
board	Prove silicon GPIO mapping and guest board behavior	2026-09-30T12:31:31.9127921Z test peripherals::components::lsm303agr::tests::large_time_jumps_are_bounded_and_endian_is_configured ... ok
board	Prove silicon GPIO mapping and guest board behavior	2026-09-30T12:31:31.9128652Z test peripherals::components::lsm303agr::tests::magnetometer_single_shot_offset_and_reset ... ok
board	Prove silicon GPIO mapping and guest board behavior	2026-09-30T12:31:31.9129317Z test peripherals::components::lsm303agr::tests::reset_and_read_only_identity ... ok
board	Prove silicon GPIO mapping and guest board behavior	2026-09-30T12:31:31.9129967Z test peripherals::components::lsm303agr::tests::sensitivity_modes_and_full_scale_clamp ... ok
board	Prove silicon GPIO mapping and guest board behavior	2026-09-30T12:31:31.9130662Z test result: ok. 13 passed; 0 failed; 0 ignored; 0 measured; 4191 filtered out; finished in 0.00s
board	Prove silicon GPIO mapping and guest board behavior	2026-09-30T12:31:32.0694603Z test peripherals::components::i2c_factory::tests::lsm303agr_fixed_addresses_and_stimulus_identity ... ok
board	Prove silicon GPIO mapping and guest board behavior	2026-09-30T12:31:32.0695485Z test result: ok. 1 passed; 0 failed; 0 ignored; 0 measured; 4203 filtered out; finished in 0.00s
board	Prove silicon GPIO mapping and guest board behavior	2026-09-30T12:31:32.2234478Z test cpu::cortex_m::exec::vfp_generic::tests::expand_imm_matches_gas ... ok
board	Prove silicon GPIO mapping and guest board behavior	2026-09-30T12:31:32.2235120Z test cpu::cortex_m::exec::vfp_generic::tests::fixed_point_conversions ... ok
board	Prove silicon GPIO mapping and guest board behavior	2026-09-30T12:31:32.2235812Z test cpu::cortex_m::exec::vfp_generic::tests::gas_encodings_reach_the_generic_executor ... ok
board	Prove silicon GPIO mapping and guest board behavior	2026-09-30T12:31:32.2236909Z test cpu::cortex_m::exec::vfp_generic::tests::executes_the_gas_forms ... ok
board	Prove silicon GPIO mapping and guest board behavior	2026-09-30T12:31:32.2242327Z test cpu::cortex_m::exec::vfp_generic::tests::half_precision_round_trips ... ok
board	Prove silicon GPIO mapping and guest board behavior	2026-09-30T12:31:32.2243775Z test cpu::cortex_m::exec::vfp_generic::tests::subw_from_pc_is_a_negative_adr ... ok
board	Prove silicon GPIO mapping and guest board behavior	2026-09-30T12:31:32.2244284Z test cpu::cortex_m::semihost::tests::application_exit_stops_with_code_zero_and_does_not_return ... ok
board	Prove silicon GPIO mapping and guest board behavior	2026-09-30T12:31:32.2252686Z test cpu::cortex_m::semihost::tests::bad_pointer_returns_minus_one_and_does_not_halt ... ok
board	Prove silicon GPIO mapping and guest board behavior	2026-09-30T12:31:32.2253478Z test cpu::cortex_m::semihost::tests::other_bkpt_immediate_still_halts_and_does_not_attach ... ok
board	Prove silicon GPIO mapping and guest board behavior	2026-09-30T12:31:32.2258262Z test cpu::cortex_m::semihost::tests::input_queue_caps_a_single_write ... ok
board	Prove silicon GPIO mapping and guest board behavior	2026-09-30T12:31:32.2258837Z test cpu::cortex_m::semihost::tests::exit_extended_does_not_exit ... ok
board	Prove silicon GPIO mapping and guest board behavior	2026-09-30T12:31:32.2266610Z test cpu::cortex_m::semihost::tests::read_copies_stdin_without_blocking ... ok
board	Prove silicon GPIO mapping and guest board behavior	2026-09-30T12:31:32.2270706Z test cpu::cortex_m::semihost::tests::unknown_operation_returns_minus_one ... ok
board	Prove silicon GPIO mapping and guest board behavior	2026-09-30T12:31:32.2280098Z test cpu::cortex_m::semihost::tests::write_appends_stdout_and_stderr_and_rejects_other_handles ... ok
board	Prove silicon GPIO mapping and guest board behavior	2026-09-30T12:31:32.2292121Z test cpu::cortex_m::semihost::tests::writec_appends_one_byte_and_leaves_other_registers ... ok
board	Prove silicon GPIO mapping and guest board behavior	2026-09-30T12:31:32.2293300Z test cpu::cortex_m::t16_discovery_tests::admitted_load_falls_back_for_mmio_without_side_effects_then_accepts_ram ... ok
board	Prove silicon GPIO mapping and guest board behavior	2026-09-30T12:31:32.2307420Z test cpu::cortex_m::semihost::tests::runtime_error_and_any_other_immediate_exit_one ... ok
board	Prove silicon GPIO mapping and guest board behavior	2026-09-30T12:31:32.2312558Z test cpu::cortex_m::semihost::tests::write0_stops_at_nul_and_caps_the_scan ... ok
board	Prove silicon GPIO mapping and guest board behavior	2026-09-30T12:31:32.2313391Z test cpu::cortex_m::t16_discovery_tests::backward_search_at_zero_does_not_underflow_or_poison_future_discovery ... ok
board	Prove silicon GPIO mapping and guest board behavior	2026-09-30T12:31:32.2325363Z test cpu::cortex_m::t16_discovery_tests::cached_block_before_barrier_cannot_execute_unrelated_tail ... ok
board	Prove silicon GPIO mapping and guest board behavior	2026-09-30T12:31:32.2326536Z test cpu::cortex_m::t16_discovery_tests::cbnz_is_rejected_at_current_entry_and_cannot_be_spanned ... ok
board	Prove silicon GPIO mapping and guest board behavior	2026-09-30T12:31:32.2327595Z test cpu::cortex_m::t16_discovery_tests::cold_miss_is_not_a_permanent_negative_cache ... ok
board	Prove silicon GPIO mapping and guest board behavior	2026-09-30T12:31:32.2349480Z test cpu::cortex_m::t16_discovery_tests::invalid_tag_inside_candidate_rejects_then_repaired_window_matches_interpreter ... ok
board	Prove silicon GPIO mapping and guest board behavior	2026-09-30T12:31:32.2350985Z test cpu::cortex_m::t16_discovery_tests::invalid_decode_tag_does_not_admit_aliasing_slot ... ok
board	Prove silicon GPIO mapping and guest board behavior	2026-09-30T12:31:32.2352349Z test cpu::cortex_m::t16_discovery_tests::forward_and_wrong_target_terminal_branches_reject_without_retiring ... ok
board	Prove silicon GPIO mapping and guest board behavior	2026-09-30T12:31:32.2354822Z test cpu::cortex_m::tests::adr_w_t2_subtracts_from_aligned_pc ... ok
board	Prove silicon GPIO mapping and guest board behavior	2026-09-30T12:31:32.2355731Z test cpu::cortex_m::tests::apply_snapshot_drops_decoded_code ... ok
board	Prove silicon GPIO mapping and guest board behavior	2026-09-30T12:31:32.2356670Z test cpu::cortex_m::tests::armv7m_add_and_mov_high_register_read_pc_plus_4 ... ok
board	Prove silicon GPIO mapping and guest board behavior	2026-09-30T12:31:32.2357787Z test cpu::cortex_m::t16_discovery_tests::supported_window_longer_than_capacity_rejects_from_start_and_terminal ... ok
board	Prove silicon GPIO mapping and guest board behavior	2026-09-30T12:31:32.2359005Z test cpu::cortex_m::t16_discovery_tests::thumb32_width_is_a_barrier_even_if_instruction_is_supported ... ok
board	Prove silicon GPIO mapping and guest board behavior	2026-09-30T12:31:32.2360158Z test cpu::cortex_m::tests::armv7m_exception_entry_wraps_the_stack_frame_instead_of_overflowing ... ok
board	Prove silicon GPIO mapping and guest board behavior	2026-09-30T12:31:32.2361038Z test cpu::cortex_m::tests::armv7m_branch_wraps_at_the_signed_pc_boundary ... ok
board	Prove silicon GPIO mapping and guest board behavior	2026-09-30T12:31:32.2362372Z test cpu::cortex_m::tests::armv7m_exception_return_wraps_the_stack_frame_instead_of_overflowing ... ok
board	Prove silicon GPIO mapping and guest board behavior	2026-09-30T12:31:32.2363413Z test cpu::cortex_m::tests::armv7m_ldrexb_strexb_supports_atomic_bool_compare_exchange ... ok
board	Prove silicon GPIO mapping and guest board behavior	2026-09-30T12:31:32.2364305Z test cpu::cortex_m::tests::armv7m_ldrexh_strexh_supports_halfword_atomic_increment ... ok
board	Prove silicon GPIO mapping and guest board behavior	2026-09-30T12:31:32.2366190Z test cpu::cortex_m::tests::armv7m_mov_reg_still_moves_and_advances_for_normal_registers ... ok
board	Prove silicon GPIO mapping and guest board behavior	2026-09-30T12:31:32.2367460Z test cpu::cortex_m::tests::armv7m_mov_to_pc_branches_instead_of_advancing ... ok
board	Prove silicon GPIO mapping and guest board behavior	2026-09-30T12:31:32.2368260Z test cpu::cortex_m::tests::armv7m_sixteen_bit_dp_does_not_set_flags_inside_an_it_block ... ok
board	Prove silicon GPIO mapping and guest board behavior	2026-09-30T12:31:32.2369086Z test cpu::cortex_m::tests::armv7m_sixteen_bit_dp_still_sets_flags_outside_an_it_block ... ok
board	Prove silicon GPIO mapping and guest board behavior	2026-09-30T12:31:32.2369929Z test cpu::cortex_m::tests::armv7m_strexh_fails_without_matching_unchanged_reservation ... ok
board	Prove silicon GPIO mapping and guest board behavior	2026-09-30T12:31:32.2370784Z test cpu::cortex_m::tests::basepri_masks_equal_or_lower_priority_exceptions ... ok
board	Prove silicon GPIO mapping and guest board behavior	2026-09-30T12:31:32.2371834Z test cpu::cortex_m::t16_discovery_tests::rotated_entry_and_branch_entry_match_reference_for_every_budget ... ok
board	Prove silicon GPIO mapping and guest board behavior	2026-09-30T12:31:32.2372756Z test cpu::cortex_m::tests::armv7m_strexb_fails_without_matching_unchanged_reservation ... ok
board	Prove silicon GPIO mapping and guest board behavior	2026-09-30T12:31:32.2373584Z test cpu::cortex_m::tests::control_spsel_routes_thread_stack_to_psp ... ok
board	Prove silicon GPIO mapping and guest board behavior	2026-09-30T12:31:32.2374832Z test cpu::cortex_m::tests::coalesced_t16_self_branch_matches_repeated_interpretation ... ok
board	Prove silicon GPIO mapping and guest board behavior	2026-09-30T12:31:32.2377988Z test cpu::cortex_m::tests::boxed_cortexm_batch_preserves_idle_fast_forward_escape ... ok
board	Prove silicon GPIO mapping and guest board behavior	2026-09-30T12:31:32.2380299Z test cpu::cortex_m::tests::cps_faultmask_set_clear_and_mask ... ok
board	Prove silicon GPIO mapping and guest board behavior	2026-09-30T12:31:32.2381008Z test cpu::cortex_m::tests::dsp_recovery_predication_and_long_destination_alias ... ok
board	Prove silicon GPIO mapping and guest board behavior	2026-09-30T12:31:32.2381889Z test cpu::cortex_m::tests::dsp_recovery_long_multiply_halves_and_exchange ... ok
board	Prove silicon GPIO mapping and guest board behavior	2026-09-30T12:31:32.2382515Z test cpu::cortex_m::tests::dsp_recovery_q_overflow_and_cancellation ... ok
board	Prove silicon GPIO mapping and guest board behavior	2026-09-30T12:31:32.2383160Z test cpu::cortex_m::tests::dsp_recovery_reserved_encodings_remain_unknown ... ok
board	Prove silicon GPIO mapping and guest board behavior	2026-09-30T12:31:32.2384852Z test cpu::cortex_m::tests::cortex_m4_qadd16_and_usat_encode_clamped_coolant_byte ... ok
board	Prove silicon GPIO mapping and guest board behavior	2026-09-30T12:31:32.2387368Z test cpu::cortex_m::tests::dsp_recovery_topword_rounding_signed_extremes_and_aliasing ... ok
board	Prove silicon GPIO mapping and guest board behavior	2026-09-30T12:31:32.2388356Z test cpu::cortex_m::tests::dsp_recovery_unknown_multiplies_fault_without_register_or_pc_changes ... ok
board	Prove silicon GPIO mapping and guest board behavior	2026-09-30T12:31:32.2389306Z test cpu::cortex_m::tests::exception_entry_clears_byte_exclusive_reservation ... ok
board	Prove silicon GPIO mapping and guest board behavior	2026-09-30T12:31:32.2390102Z test cpu::cortex_m::tests::dsp_recovery_word_dual_and_topword_known_results ... ok
board	Prove silicon GPIO mapping and guest board behavior	2026-09-30T12:31:32.2390901Z test cpu::cortex_m::tests::exception_entry_from_thread_msp_sets_exc_return_f9 ... ok
board	Prove silicon GPIO mapping and guest board behavior	2026-09-30T12:31:32.2392006Z test cpu::cortex_m::tests::exception_entry_from_thread_psp_sets_exc_return_fd ... ok
board	Prove silicon GPIO mapping and guest board behavior	2026-09-30T12:31:32.2392757Z test cpu::cortex_m::tests::exception_return_to_msp_restores_msp ... ok
board	Prove silicon GPIO mapping and guest board behavior	2026-09-30T12:31:32.2393474Z test cpu::cortex_m::tests::exception_round_trip_from_psp_restores_state ... ok
board	Prove silicon GPIO mapping and guest board behavior	2026-09-30T12:31:32.2405423Z test cpu::cortex_m::tests::it_block_survives_an_exception_between_its_instructions ... ok
board	Prove silicon GPIO mapping and guest board behavior	2026-09-30T12:31:32.2406290Z test cpu::cortex_m::tests::ldr_to_pc_register_offset_branches_to_target ... ok
board	Prove silicon GPIO mapping and guest board behavior	2026-09-30T12:31:32.2407016Z test cpu::cortex_m::tests::mrs_ipsr_reads_active_exception ... ok
board	Prove silicon GPIO mapping and guest board behavior	2026-09-30T12:31:32.2407811Z test cpu::cortex_m::tests::generic_t16_block_matches_a_finite_byte_copy_loop ... ok
board	Prove silicon GPIO mapping and guest board behavior	2026-09-30T12:31:32.2408603Z test cpu::cortex_m::tests::msr_psp_sets_psp_without_disturbing_msp ... ok
board	Prove silicon GPIO mapping and guest board behavior	2026-09-30T12:31:32.2409358Z test cpu::cortex_m::tests::nested_exception_entry_sets_exc_return_f1 ... ok
board	Prove silicon GPIO mapping and guest board behavior	2026-09-30T12:31:32.2410367Z test cpu::cortex_m::tests::nvic_ipr_priority_drives_irq_dispatch_order ... ok
board	Prove silicon GPIO mapping and guest board behavior	2026-09-30T12:31:32.2415580Z test cpu::cortex_m::tests::coalesced_t16_store_spin_matches_compiler_loop_from_every_phase_and_budget ... ok
board	Prove silicon GPIO mapping and guest board behavior	2026-09-30T12:31:32.2419742Z test cpu::cortex_m::tests::reset_drops_decoded_code ... ok
board	Prove silicon GPIO mapping and guest board behavior	2026-09-30T12:31:32.2431147Z test cpu::cortex_m::tests::shpr3_pendsv_does_not_preempt_active_higher_priority_irq ... ok
board	Prove silicon GPIO mapping and guest board behavior	2026-09-30T12:31:32.2431864Z test cpu::cortex_m::tests::test_arm_dataproc_complex ... ok
board	Prove silicon GPIO mapping and guest board behavior	2026-09-30T12:31:32.2432304Z test cpu::cortex_m::tests::test_arm_bitfield ... ok
board	Prove silicon GPIO mapping and guest board behavior	2026-09-30T12:31:32.2432920Z test cpu::cortex_m::tests::t16_ram_fast_path_does_not_cache_an_unsupported_thumb32_prefix ... ok
board	Prove silicon GPIO mapping and guest board behavior	2026-09-30T12:31:32.2433943Z test cpu::cortex_m::tests::test_arm_ldrd_strd ... ok
board	Prove silicon GPIO mapping and guest board behavior	2026-09-30T12:31:32.2438311Z test cpu::cortex_m::tests::test_dataproc32_adc_carry_in ... ok
board	Prove silicon GPIO mapping and guest board behavior	2026-09-30T12:31:32.2438832Z test cpu::cortex_m::tests::test_arm_ldrd_negative_offset ... ok
board	Prove silicon GPIO mapping and guest board behavior	2026-09-30T12:31:32.2439309Z test cpu::cortex_m::tests::test_arm_dataproc_imm ... ok
board	Prove silicon GPIO mapping and guest board behavior	2026-09-30T12:31:32.2439644Z test cpu::cortex_m::tests::test_dataproc32_add_sets_carry_and_overflow ... ok
board	Prove silicon GPIO mapping and guest board behavior	2026-09-30T12:31:32.2440014Z test cpu::cortex_m::tests::test_dataproc32_multiword_carry_chain ... ok
board	Prove silicon GPIO mapping and guest board behavior	2026-09-30T12:31:32.2440388Z test cpu::cortex_m::tests::test_dataproc32_immediate_shift_sets_shifter_carry ... ok
board	Prove silicon GPIO mapping and guest board behavior	2026-09-30T12:31:32.2440736Z test cpu::cortex_m::tests::test_dataproc32_pkh ... ok
board	Prove silicon GPIO mapping and guest board behavior	2026-09-30T12:31:32.2443823Z test cpu::cortex_m::tests::test_dataproc32_rsb ... ok
board	Prove silicon GPIO mapping and guest board behavior	2026-09-30T12:31:32.2444569Z test cpu::cortex_m::tests::test_dataproc32_rrx_rotates_through_carry ... ok
board	Prove silicon GPIO mapping and guest board behavior	2026-09-30T12:31:32.2445329Z test cpu::cortex_m::tests::test_dataproc32_sbc_borrow ... ok
board	Prove silicon GPIO mapping and guest board behavior	2026-09-30T12:31:32.2446218Z test cpu::cortex_m::tests::test_dataproc32_umaal ... ok
board	Prove silicon GPIO mapping and guest board behavior	2026-09-30T12:31:32.2446900Z test cpu::cortex_m::tests::test_exec_ldmia_base_in_list_no_writeback ... ok
board	Prove silicon GPIO mapping and guest board behavior	2026-09-30T12:31:32.2447742Z test cpu::cortex_m::tests::test_exec_ldmia_base_not_in_list_writes_back ... ok
board	Prove silicon GPIO mapping and guest board behavior	2026-09-30T12:31:32.2448505Z test cpu::cortex_m::tests::test_exec_ldrh_reg_offset ... ok
board	Prove silicon GPIO mapping and guest board behavior	2026-09-30T12:31:32.2449211Z test cpu::cortex_m::tests::test_exec_ldrsb_reg_offset_positive ... ok
board	Prove silicon GPIO mapping and guest board behavior	2026-09-30T12:31:32.2449914Z test cpu::cortex_m::tests::test_exec_ldrsb_reg_offset_negative ... ok
board	Prove silicon GPIO mapping and guest board behavior	2026-09-30T12:31:32.2450645Z test cpu::cortex_m::tests::test_exec_rev_t1_16bit ... ok
board	Prove silicon GPIO mapping and guest board behavior	2026-09-30T12:31:32.2451483Z test cpu::cortex_m::tests::test_exec_ldrsh_reg_offset_negative ... ok
board	Prove silicon GPIO mapping and guest board behavior	2026-09-30T12:31:32.2452238Z test cpu::cortex_m::tests::test_exec_strh_reg_offset ... ok
board	Prove silicon GPIO mapping and guest board behavior	2026-09-30T12:31:32.2452929Z test cpu::cortex_m::tests::test_exec_wide_load_byte_halfword_extension ... ok
board	Prove silicon GPIO mapping and guest board behavior	2026-09-30T12:31:32.2453702Z test cpu::cortex_m::tests::test_exec_wide_register_extend ... ok
board	Prove silicon GPIO mapping and guest board behavior	2026-09-30T12:31:32.2454655Z test cpu::cortex_m::tests::test_ldr_t4_post_index_pc_function_return ... ok
board	Prove silicon GPIO mapping and guest board behavior	2026-09-30T12:31:32.2455442Z test cpu::cortex_m::tests::test_ldr_t4_pre_index_writeback ... ok
board	Prove silicon GPIO mapping and guest board behavior	2026-09-30T12:31:32.2457966Z test cpu::cortex_m::tests::test_ldrd_offset_no_writeback ... ok
board	Prove silicon GPIO mapping and guest board behavior	2026-09-30T12:31:32.2459213Z test cpu::cortex_m::tests::test_ldrd_postindex_writeback ... ok
board	Prove silicon GPIO mapping and guest board behavior	2026-09-30T12:31:32.2459898Z test cpu::cortex_m::tests::test_parallel_halfword_add_sub_variants ... ok
board	Prove silicon GPIO mapping and guest board behavior	2026-09-30T12:31:32.2461044Z test cpu::cortex_m::tests::test_shift_reg32_s0_leaves_apsr_alone ... ok
board	Prove silicon GPIO mapping and guest board behavior	2026-09-30T12:31:32.2462021Z test cpu::cortex_m::tests::test_simd_uadd8_sel_strlen_kernel ... ok
board	Prove silicon GPIO mapping and guest board behavior	2026-09-30T12:31:32.2462816Z test cpu::cortex_m::tests::test_shift_reg32_flags_table ... ok
board	Prove silicon GPIO mapping and guest board behavior	2026-09-30T12:31:32.2463447Z test cpu::cortex_m::tests::test_simd_usub8_ssub8_ge ... ok
board	Prove silicon GPIO mapping and guest board behavior	2026-09-30T12:31:32.2464098Z test cpu::cortex_m::tests::test_strd_predec_writeback ... ok
board	Prove silicon GPIO mapping and guest board behavior	2026-09-30T12:31:32.2464835Z test cpu::cortex_m::tests::test_str_t4_pre_decrement_writeback ... ok
board	Prove silicon GPIO mapping and guest board behavior	2026-09-30T12:31:32.2465588Z test cpu::cortex_m::tests::test_svc_pends_and_takes_svcall_exception ... ok
board	Prove silicon GPIO mapping and guest board behavior	2026-09-30T12:31:32.2466330Z test cpu::cortex_m::tests::test_thumb2_addw_subw_plain_immediate ... ok
board	Prove silicon GPIO mapping and guest board behavior	2026-09-30T12:31:32.2466847Z test cpu::cortex_m::tests::test_thumb2_halfword_multiplies ... ok
board	Prove silicon GPIO mapping and guest board behavior	2026-09-30T12:31:32.2467299Z test cpu::cortex_m::tests::test_thumb2_barrier_is_nop ... ok
board	Prove silicon GPIO mapping and guest board behavior	2026-09-30T12:31:32.2467759Z test cpu::cortex_m::tests::test_thumb2_mla_mls ... ok
board	Prove silicon GPIO mapping and guest board behavior	2026-09-30T12:31:32.2468359Z test cpu::cortex_m::tests::test_thumb2_msr_mrs_primask ... ok
board	Prove silicon GPIO mapping and guest board behavior	2026-09-30T12:31:32.2469053Z test cpu::cortex_m::tests::test_thumb2_pld_is_nop_not_pc_load ... ok
board	Prove silicon GPIO mapping and guest board behavior	2026-09-30T12:31:32.2469810Z test cpu::cortex_m::tests::test_thumb2_stmia_ldmdb_wide_addressing ... ok
board	Prove silicon GPIO mapping and guest board behavior	2026-09-30T12:31:32.2470591Z test cpu::cortex_m::tests::test_thumb2_vfma_decodes_the_real_h563_opcode ... ok
board	Prove silicon GPIO mapping and guest board behavior	2026-09-30T12:31:32.2471634Z test cpu::cortex_m::tests::test_thumb2_shift_register_lsr_lsl_asr ... ok
board	Prove silicon GPIO mapping and guest board behavior	2026-09-30T12:31:32.2472362Z test cpu::cortex_m::tests::test_thumb2_vfms_vfnma_vfnms_sign_handling ... ok
board	Prove silicon GPIO mapping and guest board behavior	2026-09-30T12:31:32.2473053Z test cpu::cortex_m::tests::test_thumb2_vfp_add_sub_div ... ok
board	Prove silicon GPIO mapping and guest board behavior	2026-09-30T12:31:32.2473802Z test cpu::cortex_m::tests::test_thumb2_vfp_fpscr_modes_apply_to_instructions ... ok
board	Prove silicon GPIO mapping and guest board behavior	2026-09-30T12:31:32.2474598Z test cpu::cortex_m::tests::test_thumb2_vfma_is_truly_fused_not_double_rounded ... ok
board	Prove silicon GPIO mapping and guest board behavior	2026-09-30T12:31:32.2475313Z test cpu::cortex_m::tests::test_thumb2_vfp_smoke_3_14_times_2 ... ok
board	Prove silicon GPIO mapping and guest board behavior	2026-09-30T12:31:32.2476034Z test cpu::cortex_m::tests::test_uqadd16_is_a_real_saturating_add_not_a_skip ... ok
board	Prove silicon GPIO mapping and guest board behavior	2026-09-30T12:31:32.2476725Z test cpu::cortex_m::tests::test_thumb_sxth_sxtb_uxth_uxtb ... ok
board	Prove silicon GPIO mapping and guest board behavior	2026-09-30T12:31:32.2477347Z test cpu::cortex_m::tests::test_vfp_fma_honors_fz_and_dn ... ok
board	Prove silicon GPIO mapping and guest board behavior	2026-09-30T12:31:32.2477963Z test cpu::cortex_m::tests::test_thumb2_wide_multiplies ... ok
board	Prove silicon GPIO mapping and guest board behavior	2026-09-30T12:31:32.2478658Z test cpu::cortex_m::tests::test_vfp_fpscr_dn_and_nan_payload_canonicalization ... ok
board	Prove silicon GPIO mapping and guest board behavior	2026-09-30T12:31:32.2479573Z test cpu::cortex_m::tests::vcmp_f32_with_zero_and_fz_flushes_denormals ... ok
board	Prove silicon GPIO mapping and guest board behavior	2026-09-30T12:31:32.2480317Z test cpu::cortex_m::tests::test_vfp_fpscr_fz_flushes_denormal_inputs_and_results ... ok
board	Prove silicon GPIO mapping and guest board behavior	2026-09-30T12:31:32.2481176Z test cpu::cortex_m::tests::vcmpe_f32_then_vmrs_apsr_nzcv_sets_branch_flags ... ok
board	Prove silicon GPIO mapping and guest board behavior	2026-09-30T12:31:32.2482079Z test cpu::cortex_m::tests::vfp_unary_ops_and_vnmul_f32 ... ok
board	Prove silicon GPIO mapping and guest board behavior	2026-09-30T12:31:32.2482657Z test cpu::cortex_m::tests::vmsr_vmrs_round_trip_fpscr ... ok
board	Prove silicon GPIO mapping and guest board behavior	2026-09-30T12:31:32.2483114Z test cpu::cortex_m::tests::wfi_decodes_and_retires_like_nop ... ok
board	Prove silicon GPIO mapping and guest board behavior	2026-09-30T12:31:32.2483565Z test cpu::cortex_m::tests::wfi_is_nop_when_wake_already_pending ... ok
board	Prove silicon GPIO mapping and guest board behavior	2026-09-30T12:31:32.2484074Z test cpu::cortex_m::tests::wfi_primask_set_wakes_without_taking ... ok
board	Prove silicon GPIO mapping and guest board behavior	2026-09-30T12:31:32.2484533Z test cpu::cortex_m::tests::wfi_fast_forward_is_off_by_default ... ok
board	Prove silicon GPIO mapping and guest board behavior	2026-09-30T12:31:32.2485016Z test cpu::cortex_m::tests::wfi_wakes_and_takes_exception_when_primask_clear ... ok
board	Prove silicon GPIO mapping and guest board behavior	2026-09-30T12:31:32.2485528Z test cpu::cortex_m::tests::wfi_fast_forward_skips_cpu_work_when_enabled ... ok
board	Prove silicon GPIO mapping and guest board behavior	2026-09-30T12:31:32.2486177Z test result: ok. 137 passed; 0 failed; 0 ignored; 0 measured; 4067 filtered out; finished in 0.03s
board	Prove native WASM analog input routing	2026-09-30T12:33:39.5151737Z test inputs::adc_routing_tests::legacy_stm32_route_keeps_injection_release_and_checks_its_channel_count ... ok
board	Prove native WASM analog input routing	2026-09-30T12:33:39.5158419Z test inputs::adc_routing_tests::invalid_saadc_input_is_rejected_without_legacy_downcast_or_mutation ... ok
board	Prove native WASM analog input routing	2026-09-30T12:33:39.5167973Z test inputs::adc_routing_tests::generic_saadc_route_changes_conversion_and_releases_input ... ok
board	Prove native WASM analog input routing	2026-09-30T12:33:39.5168963Z test result: ok. 3 passed; 0 failed; 0 ignored; 0 measured; 102 filtered out; finished in 0.00s
